2025-03-06 14:15:59 [main] INFO  com.E_Commer.ECommerApplication - Starting ECommerApplication using Java 22.0.1 with PID 13556 (E:\E-Commer\E-Commer\target\classes started by ACER in E:\E-Commer)
2025-03-06 14:15:59 [main] DEBUG com.E_Commer.ECommerApplication - Running with Spring Boot v3.5.0-M2, Spring v6.2.3
2025-03-06 14:15:59 [main] INFO  com.E_Commer.ECommerApplication - No active profile set, falling back to 1 default profile: "default"
2025-03-06 14:16:01 [main] INFO  o.s.d.r.c.RepositoryConfigurationDelegate - Bootstrapping Spring Data JPA repositories in DEFAULT mode.
2025-03-06 14:16:01 [main] INFO  o.s.d.r.c.RepositoryConfigurationDelegate - Finished Spring Data repository scanning in 52 ms. Found 1 JPA repository interface.
2025-03-06 14:16:02 [main] INFO  o.s.b.w.e.tomcat.TomcatWebServer - Tomcat initialized with port 8080 (http)
2025-03-06 14:16:02 [main] INFO  o.a.coyote.http11.Http11NioProtocol - Initializing ProtocolHandler ["http-nio-8080"]
2025-03-06 14:16:02 [main] INFO  o.a.catalina.core.StandardService - Starting service [Tomcat]
2025-03-06 14:16:02 [main] INFO  o.a.catalina.core.StandardEngine - Starting Servlet engine: [Apache Tomcat/10.1.36]
2025-03-06 14:16:02 [main] INFO  o.a.c.c.C.[Tomcat].[localhost].[/] - Initializing Spring embedded WebApplicationContext
2025-03-06 14:16:02 [main] INFO  o.s.b.w.s.c.ServletWebServerApplicationContext - Root WebApplicationContext: initialization completed in 2346 ms
2025-03-06 14:16:02 [main] INFO  o.h.jpa.internal.util.LogHelper - HHH000204: Processing PersistenceUnitInfo [name: default]
2025-03-06 14:16:02 [main] INFO  org.hibernate.Version - HHH000412: Hibernate ORM core version 6.6.8.Final
2025-03-06 14:16:02 [main] INFO  o.h.c.i.RegionFactoryInitiator - HHH000026: Second-level cache disabled
2025-03-06 14:16:03 [main] INFO  o.s.o.j.p.SpringPersistenceUnitInfo - No LoadTimeWeaver setup: ignoring JPA class transformer
2025-03-06 14:16:03 [main] INFO  com.zaxxer.hikari.HikariDataSource - HikariPool-1 - Starting...
2025-03-06 14:16:03 [main] INFO  com.zaxxer.hikari.pool.HikariPool - HikariPool-1 - Added connection com.mysql.cj.jdbc.ConnectionImpl@5e278e25
2025-03-06 14:16:03 [main] INFO  com.zaxxer.hikari.HikariDataSource - HikariPool-1 - Start completed.
2025-03-06 14:16:03 [main] WARN  org.hibernate.orm.deprecation - HHH90000025: MySQL8Dialect does not need to be specified explicitly using 'hibernate.dialect' (remove the property setting and it will be selected by default)
2025-03-06 14:16:03 [main] WARN  org.hibernate.orm.deprecation - HHH90000026: MySQL8Dialect has been deprecated; use org.hibernate.dialect.MySQLDialect instead
2025-03-06 14:16:03 [main] INFO  o.hibernate.orm.connections.pooling - HHH10001005: Database info:
	Database JDBC URL [Connecting through datasource 'HikariDataSource (HikariPool-1)']
	Database driver: undefined/unknown
	Database version: 8.0
	Autocommit mode: undefined/unknown
	Isolation level: undefined/unknown
	Minimum pool size: undefined/unknown
	Maximum pool size: undefined/unknown
2025-03-06 14:16:04 [main] INFO  o.h.e.t.j.p.i.JtaPlatformInitiator - HHH000489: No JTA platform available (set 'hibernate.transaction.jta.platform' to enable JTA platform integration)
2025-03-06 14:16:04 [main] DEBUG org.hibernate.SQL - alter table order_tracking modify column status enum ('ARRIVED_HUB','DELIVERED','PACKING','RETURNED','SHIPPING') not null
2025-03-06 14:16:04 [main] INFO  o.s.o.j.LocalContainerEntityManagerFactoryBean - Initialized JPA EntityManagerFactory for persistence unit 'default'
2025-03-06 14:16:04 [main] WARN  o.s.b.a.o.j.JpaBaseConfiguration$JpaWebConfiguration - spring.jpa.open-in-view is enabled by default. Therefore, database queries may be performed during view rendering. Explicitly configure spring.jpa.open-in-view to disable this warning
2025-03-06 14:16:04 [main] INFO  o.s.v.b.OptionalValidatorFactoryBean - Failed to set up a Bean Validation provider: jakarta.validation.NoProviderFoundException: Unable to create a Configuration, because no Jakarta Bean Validation provider could be found. Add a provider like Hibernate Validator (RI) to your classpath.
2025-03-06 14:16:05 [main] INFO  o.s.b.a.e.web.EndpointLinksResolver - Exposing 1 endpoint beneath base path '/actuator'
2025-03-06 14:16:05 [main] INFO  o.a.coyote.http11.Http11NioProtocol - Starting ProtocolHandler ["http-nio-8080"]
2025-03-06 14:16:05 [main] INFO  o.s.b.w.e.tomcat.TomcatWebServer - Tomcat started on port 8080 (http) with context path '/'
2025-03-06 14:16:05 [main] INFO  com.E_Commer.ECommerApplication - Started ECommerApplication in 6.539 seconds (process running for 7.413)
2025-03-06 14:16:08 [RMI TCP Connection(2)-127.0.0.1] INFO  o.a.c.c.C.[Tomcat].[localhost].[/] - Initializing Spring DispatcherServlet 'dispatcherServlet'
2025-03-06 14:16:08 [RMI TCP Connection(2)-127.0.0.1] INFO  o.s.web.servlet.DispatcherServlet - Initializing Servlet 'dispatcherServlet'
2025-03-06 14:16:08 [RMI TCP Connection(2)-127.0.0.1] INFO  o.s.web.servlet.DispatcherServlet - Completed initialization in 1 ms
2025-03-06 14:17:44 [http-nio-8080-exec-3] DEBUG org.hibernate.SQL - insert into users (avatar_url,created_at,email,password,phone_number,role,username) values (?,?,?,?,?,?,?)
2025-03-06 14:17:45 [http-nio-8080-exec-3] WARN  o.h.e.jdbc.spi.SqlExceptionHelper - SQL Error: 1265, SQLState: 01000
2025-03-06 14:17:45 [http-nio-8080-exec-3] ERROR o.h.e.jdbc.spi.SqlExceptionHelper - Data truncated for column 'role' at row 1
2025-03-06 14:17:45 [http-nio-8080-exec-3] ERROR c.E.exception.GlobalExceptionHandler - Lỗi hệ thống: 
org.springframework.orm.jpa.JpaSystemException: could not execute statement [Data truncated for column 'role' at row 1] [insert into users (avatar_url,created_at,email,password,phone_number,role,username) values (?,?,?,?,?,?,?)]
	at org.springframework.orm.jpa.vendor.HibernateJpaDialect.convertHibernateAccessException(HibernateJpaDialect.java:341)
	at org.springframework.orm.jpa.vendor.HibernateJpaDialect.translateExceptionIfPossible(HibernateJpaDialect.java:241)
	at org.springframework.orm.jpa.AbstractEntityManagerFactoryBean.translateExceptionIfPossible(AbstractEntityManagerFactoryBean.java:560)
	at org.springframework.dao.support.ChainedPersistenceExceptionTranslator.translateExceptionIfPossible(ChainedPersistenceExceptionTranslator.java:61)
	at org.springframework.dao.support.DataAccessUtils.translateIfNecessary(DataAccessUtils.java:343)
	at org.springframework.dao.support.PersistenceExceptionTranslationInterceptor.invoke(PersistenceExceptionTranslationInterceptor.java:160)
	at org.springframework.aop.framework.ReflectiveMethodInvocation.proceed(ReflectiveMethodInvocation.java:184)
	at org.springframework.data.jpa.repository.support.CrudMethodMetadataPostProcessor$CrudMethodMetadataPopulatingMethodInterceptor.invoke(CrudMethodMetadataPostProcessor.java:165)
	at org.springframework.aop.framework.ReflectiveMethodInvocation.proceed(ReflectiveMethodInvocation.java:184)
	at org.springframework.aop.framework.JdkDynamicAopProxy.invoke(JdkDynamicAopProxy.java:223)
	at jdk.proxy2/jdk.proxy2.$Proxy159.save(Unknown Source)
	at com.E_Commer.service.UserService.saveUser(UserService.java:55)
	at com.E_Commer.controller.UserController.createUser(UserController.java:64)
	at java.base/jdk.internal.reflect.DirectMethodHandleAccessor.invoke(DirectMethodHandleAccessor.java:103)
	at java.base/java.lang.reflect.Method.invoke(Method.java:580)
	at org.springframework.web.method.support.InvocableHandlerMethod.doInvoke(InvocableHandlerMethod.java:257)
	at org.springframework.web.method.support.InvocableHandlerMethod.invokeForRequest(InvocableHandlerMethod.java:190)
	at org.springframework.web.servlet.mvc.method.annotation.ServletInvocableHandlerMethod.invokeAndHandle(ServletInvocableHandlerMethod.java:118)
	at org.springframework.web.servlet.mvc.method.annotation.RequestMappingHandlerAdapter.invokeHandlerMethod(RequestMappingHandlerAdapter.java:986)
	at org.springframework.web.servlet.mvc.method.annotation.RequestMappingHandlerAdapter.handleInternal(RequestMappingHandlerAdapter.java:891)
	at org.springframework.web.servlet.mvc.method.AbstractHandlerMethodAdapter.handle(AbstractHandlerMethodAdapter.java:87)
	at org.springframework.web.servlet.DispatcherServlet.doDispatch(DispatcherServlet.java:1088)
	at org.springframework.web.servlet.DispatcherServlet.doService(DispatcherServlet.java:978)
	at org.springframework.web.servlet.FrameworkServlet.processRequest(FrameworkServlet.java:1014)
	at org.springframework.web.servlet.FrameworkServlet.doPost(FrameworkServlet.java:914)
	at jakarta.servlet.http.HttpServlet.service(HttpServlet.java:590)
	at org.springframework.web.servlet.FrameworkServlet.service(FrameworkServlet.java:885)
	at jakarta.servlet.http.HttpServlet.service(HttpServlet.java:658)
	at org.apache.catalina.core.ApplicationFilterChain.internalDoFilter(ApplicationFilterChain.java:195)
	at org.apache.catalina.core.ApplicationFilterChain.doFilter(ApplicationFilterChain.java:140)
	at org.apache.tomcat.websocket.server.WsFilter.doFilter(WsFilter.java:51)
	at org.apache.catalina.core.ApplicationFilterChain.internalDoFilter(ApplicationFilterChain.java:164)
	at org.apache.catalina.core.ApplicationFilterChain.doFilter(ApplicationFilterChain.java:140)
	at org.springframework.web.filter.RequestContextFilter.doFilterInternal(RequestContextFilter.java:100)
	at org.springframework.web.filter.OncePerRequestFilter.doFilter(OncePerRequestFilter.java:116)
	at org.apache.catalina.core.ApplicationFilterChain.internalDoFilter(ApplicationFilterChain.java:164)
	at org.apache.catalina.core.ApplicationFilterChain.doFilter(ApplicationFilterChain.java:140)
	at org.springframework.web.filter.FormContentFilter.doFilterInternal(FormContentFilter.java:93)
	at org.springframework.web.filter.OncePerRequestFilter.doFilter(OncePerRequestFilter.java:116)
	at org.apache.catalina.core.ApplicationFilterChain.internalDoFilter(ApplicationFilterChain.java:164)
	at org.apache.catalina.core.ApplicationFilterChain.doFilter(ApplicationFilterChain.java:140)
	at org.springframework.web.filter.ServerHttpObservationFilter.doFilterInternal(ServerHttpObservationFilter.java:114)
	at org.springframework.web.filter.OncePerRequestFilter.doFilter(OncePerRequestFilter.java:116)
	at org.apache.catalina.core.ApplicationFilterChain.internalDoFilter(ApplicationFilterChain.java:164)
	at org.apache.catalina.core.ApplicationFilterChain.doFilter(ApplicationFilterChain.java:140)
	at org.springframework.web.filter.CharacterEncodingFilter.doFilterInternal(CharacterEncodingFilter.java:201)
	at org.springframework.web.filter.OncePerRequestFilter.doFilter(OncePerRequestFilter.java:116)
	at org.apache.catalina.core.ApplicationFilterChain.internalDoFilter(ApplicationFilterChain.java:164)
	at org.apache.catalina.core.ApplicationFilterChain.doFilter(ApplicationFilterChain.java:140)
	at org.apache.catalina.core.StandardWrapperValve.invoke(StandardWrapperValve.java:167)
	at org.apache.catalina.core.StandardContextValve.invoke(StandardContextValve.java:90)
	at org.apache.catalina.authenticator.AuthenticatorBase.invoke(AuthenticatorBase.java:483)
	at org.apache.catalina.core.StandardHostValve.invoke(StandardHostValve.java:115)
	at org.apache.catalina.valves.ErrorReportValve.invoke(ErrorReportValve.java:93)
	at org.apache.catalina.core.StandardEngineValve.invoke(StandardEngineValve.java:74)
	at org.apache.catalina.connector.CoyoteAdapter.service(CoyoteAdapter.java:344)
	at org.apache.coyote.http11.Http11Processor.service(Http11Processor.java:397)
	at org.apache.coyote.AbstractProcessorLight.process(AbstractProcessorLight.java:63)
	at org.apache.coyote.AbstractProtocol$ConnectionHandler.process(AbstractProtocol.java:905)
	at org.apache.tomcat.util.net.NioEndpoint$SocketProcessor.doRun(NioEndpoint.java:1743)
	at org.apache.tomcat.util.net.SocketProcessorBase.run(SocketProcessorBase.java:52)
	at org.apache.tomcat.util.threads.ThreadPoolExecutor.runWorker(ThreadPoolExecutor.java:1190)
	at org.apache.tomcat.util.threads.ThreadPoolExecutor$Worker.run(ThreadPoolExecutor.java:659)
	at org.apache.tomcat.util.threads.TaskThread$WrappingRunnable.run(TaskThread.java:63)
	at java.base/java.lang.Thread.run(Thread.java:1570)
Caused by: org.hibernate.exception.GenericJDBCException: could not execute statement [Data truncated for column 'role' at row 1] [insert into users (avatar_url,created_at,email,password,phone_number,role,username) values (?,?,?,?,?,?,?)]
	at org.hibernate.exception.internal.StandardSQLExceptionConverter.convert(StandardSQLExceptionConverter.java:63)
	at org.hibernate.engine.jdbc.spi.SqlExceptionHelper.convert(SqlExceptionHelper.java:108)
	at org.hibernate.engine.jdbc.internal.ResultSetReturnImpl.executeUpdate(ResultSetReturnImpl.java:197)
	at org.hibernate.id.insert.GetGeneratedKeysDelegate.performMutation(GetGeneratedKeysDelegate.java:116)
	at org.hibernate.engine.jdbc.mutation.internal.MutationExecutorSingleNonBatched.performNonBatchedOperations(MutationExecutorSingleNonBatched.java:47)
	at org.hibernate.engine.jdbc.mutation.internal.AbstractMutationExecutor.execute(AbstractMutationExecutor.java:55)
	at org.hibernate.persister.entity.mutation.InsertCoordinatorStandard.doStaticInserts(InsertCoordinatorStandard.java:194)
	at org.hibernate.persister.entity.mutation.InsertCoordinatorStandard.coordinateInsert(InsertCoordinatorStandard.java:132)
	at org.hibernate.persister.entity.mutation.InsertCoordinatorStandard.insert(InsertCoordinatorStandard.java:95)
	at org.hibernate.action.internal.EntityIdentityInsertAction.execute(EntityIdentityInsertAction.java:85)
	at org.hibernate.engine.spi.ActionQueue.execute(ActionQueue.java:682)
	at org.hibernate.engine.spi.ActionQueue.addResolvedEntityInsertAction(ActionQueue.java:293)
	at org.hibernate.engine.spi.ActionQueue.addInsertAction(ActionQueue.java:274)
	at org.hibernate.engine.spi.ActionQueue.addAction(ActionQueue.java:324)
	at org.hibernate.event.internal.AbstractSaveEventListener.addInsertAction(AbstractSaveEventListener.java:393)
	at org.hibernate.event.internal.AbstractSaveEventListener.performSaveOrReplicate(AbstractSaveEventListener.java:307)
	at org.hibernate.event.internal.AbstractSaveEventListener.performSave(AbstractSaveEventListener.java:223)
	at org.hibernate.event.internal.AbstractSaveEventListener.saveWithGeneratedId(AbstractSaveEventListener.java:136)
	at org.hibernate.event.internal.DefaultPersistEventListener.entityIsTransient(DefaultPersistEventListener.java:177)
	at org.hibernate.event.internal.DefaultPersistEventListener.persist(DefaultPersistEventListener.java:95)
	at org.hibernate.event.internal.DefaultPersistEventListener.onPersist(DefaultPersistEventListener.java:79)
	at org.hibernate.event.internal.DefaultPersistEventListener.onPersist(DefaultPersistEventListener.java:55)
	at org.hibernate.event.service.internal.EventListenerGroupImpl.fireEventOnEachListener(EventListenerGroupImpl.java:127)
	at org.hibernate.internal.SessionImpl.firePersist(SessionImpl.java:761)
	at org.hibernate.internal.SessionImpl.persist(SessionImpl.java:745)
	at java.base/jdk.internal.reflect.DirectMethodHandleAccessor.invoke(DirectMethodHandleAccessor.java:103)
	at java.base/java.lang.reflect.Method.invoke(Method.java:580)
	at org.springframework.orm.jpa.ExtendedEntityManagerCreator$ExtendedEntityManagerInvocationHandler.invoke(ExtendedEntityManagerCreator.java:364)
	at jdk.proxy2/jdk.proxy2.$Proxy155.persist(Unknown Source)
	at java.base/jdk.internal.reflect.DirectMethodHandleAccessor.invoke(DirectMethodHandleAccessor.java:103)
	at java.base/java.lang.reflect.Method.invoke(Method.java:580)
	at org.springframework.orm.jpa.SharedEntityManagerCreator$SharedEntityManagerInvocationHandler.invoke(SharedEntityManagerCreator.java:320)
	at jdk.proxy2/jdk.proxy2.$Proxy155.persist(Unknown Source)
	at org.springframework.data.jpa.repository.support.SimpleJpaRepository.save(SimpleJpaRepository.java:651)
	at java.base/jdk.internal.reflect.DirectMethodHandleAccessor.invoke(DirectMethodHandleAccessor.java:103)
	at java.base/java.lang.reflect.Method.invoke(Method.java:580)
	at org.springframework.aop.support.AopUtils.invokeJoinpointUsingReflection(AopUtils.java:359)
	at org.springframework.data.repository.core.support.RepositoryMethodInvoker$RepositoryFragmentMethodInvoker.lambda$new$0(RepositoryMethodInvoker.java:277)
	at org.springframework.data.repository.core.support.RepositoryMethodInvoker.doInvoke(RepositoryMethodInvoker.java:170)
	at org.springframework.data.repository.core.support.RepositoryMethodInvoker.invoke(RepositoryMethodInvoker.java:158)
	at org.springframework.data.repository.core.support.RepositoryComposition$RepositoryFragments.invoke(RepositoryComposition.java:515)
	at org.springframework.data.repository.core.support.RepositoryComposition.invoke(RepositoryComposition.java:284)
	at org.springframework.data.repository.core.support.RepositoryFactorySupport$ImplementationMethodExecutionInterceptor.invoke(RepositoryFactorySupport.java:754)
	at org.springframework.aop.framework.ReflectiveMethodInvocation.proceed(ReflectiveMethodInvocation.java:184)
	at org.springframework.data.repository.core.support.QueryExecutorMethodInterceptor.doInvoke(QueryExecutorMethodInterceptor.java:174)
	at org.springframework.data.repository.core.support.QueryExecutorMethodInterceptor.invoke(QueryExecutorMethodInterceptor.java:149)
	at org.springframework.aop.framework.ReflectiveMethodInvocation.proceed(ReflectiveMethodInvocation.java:184)
	at org.springframework.data.projection.DefaultMethodInvokingMethodInterceptor.invoke(DefaultMethodInvokingMethodInterceptor.java:69)
	at org.springframework.aop.framework.ReflectiveMethodInvocation.proceed(ReflectiveMethodInvocation.java:184)
	at org.springframework.transaction.interceptor.TransactionAspectSupport.invokeWithinTransaction(TransactionAspectSupport.java:380)
	at org.springframework.transaction.interceptor.TransactionInterceptor.invoke(TransactionInterceptor.java:119)
	at org.springframework.aop.framework.ReflectiveMethodInvocation.proceed(ReflectiveMethodInvocation.java:184)
	at org.springframework.dao.support.PersistenceExceptionTranslationInterceptor.invoke(PersistenceExceptionTranslationInterceptor.java:138)
	... 59 common frames omitted
Caused by: java.sql.SQLException: Data truncated for column 'role' at row 1
	at com.mysql.cj.jdbc.exceptions.SQLError.createSQLException(SQLError.java:121)
	at com.mysql.cj.jdbc.exceptions.SQLExceptionsMapping.translateException(SQLExceptionsMapping.java:114)
	at com.mysql.cj.jdbc.ClientPreparedStatement.executeInternal(ClientPreparedStatement.java:990)
	at com.mysql.cj.jdbc.ClientPreparedStatement.executeUpdateInternal(ClientPreparedStatement.java:1168)
	at com.mysql.cj.jdbc.ClientPreparedStatement.executeUpdateInternal(ClientPreparedStatement.java:1103)
	at com.mysql.cj.jdbc.ClientPreparedStatement.executeLargeUpdate(ClientPreparedStatement.java:1450)
	at com.mysql.cj.jdbc.ClientPreparedStatement.executeUpdate(ClientPreparedStatement.java:1086)
	at com.zaxxer.hikari.pool.ProxyPreparedStatement.executeUpdate(ProxyPreparedStatement.java:61)
	at com.zaxxer.hikari.pool.HikariProxyPreparedStatement.executeUpdate(HikariProxyPreparedStatement.java)
	at org.hibernate.engine.jdbc.internal.ResultSetReturnImpl.executeUpdate(ResultSetReturnImpl.java:194)
	... 109 common frames omitted
2025-03-06 14:18:30 [http-nio-8080-exec-4] DEBUG org.hibernate.SQL - insert into users (avatar_url,created_at,email,password,phone_number,role,username) values (?,?,?,?,?,?,?)
2025-03-06 14:18:46 [http-nio-8080-exec-5] DEBUG org.hibernate.SQL - insert into users (avatar_url,created_at,email,password,phone_number,role,username) values (?,?,?,?,?,?,?)
2025-03-06 14:18:46 [http-nio-8080-exec-5] WARN  o.h.e.jdbc.spi.SqlExceptionHelper - SQL Error: 1265, SQLState: 01000
2025-03-06 14:18:46 [http-nio-8080-exec-5] ERROR o.h.e.jdbc.spi.SqlExceptionHelper - Data truncated for column 'role' at row 1
2025-03-06 14:18:46 [http-nio-8080-exec-5] ERROR c.E.exception.GlobalExceptionHandler - Lỗi hệ thống: 
org.springframework.orm.jpa.JpaSystemException: could not execute statement [Data truncated for column 'role' at row 1] [insert into users (avatar_url,created_at,email,password,phone_number,role,username) values (?,?,?,?,?,?,?)]
	at org.springframework.orm.jpa.vendor.HibernateJpaDialect.convertHibernateAccessException(HibernateJpaDialect.java:341)
	at org.springframework.orm.jpa.vendor.HibernateJpaDialect.translateExceptionIfPossible(HibernateJpaDialect.java:241)
	at org.springframework.orm.jpa.AbstractEntityManagerFactoryBean.translateExceptionIfPossible(AbstractEntityManagerFactoryBean.java:560)
	at org.springframework.dao.support.ChainedPersistenceExceptionTranslator.translateExceptionIfPossible(ChainedPersistenceExceptionTranslator.java:61)
	at org.springframework.dao.support.DataAccessUtils.translateIfNecessary(DataAccessUtils.java:343)
	at org.springframework.dao.support.PersistenceExceptionTranslationInterceptor.invoke(PersistenceExceptionTranslationInterceptor.java:160)
	at org.springframework.aop.framework.ReflectiveMethodInvocation.proceed(ReflectiveMethodInvocation.java:184)
	at org.springframework.data.jpa.repository.support.CrudMethodMetadataPostProcessor$CrudMethodMetadataPopulatingMethodInterceptor.invoke(CrudMethodMetadataPostProcessor.java:165)
	at org.springframework.aop.framework.ReflectiveMethodInvocation.proceed(ReflectiveMethodInvocation.java:184)
	at org.springframework.aop.framework.JdkDynamicAopProxy.invoke(JdkDynamicAopProxy.java:223)
	at jdk.proxy2/jdk.proxy2.$Proxy159.save(Unknown Source)
	at com.E_Commer.service.UserService.saveUser(UserService.java:55)
	at com.E_Commer.controller.UserController.createUser(UserController.java:64)
	at java.base/jdk.internal.reflect.DirectMethodHandleAccessor.invoke(DirectMethodHandleAccessor.java:103)
	at java.base/java.lang.reflect.Method.invoke(Method.java:580)
	at org.springframework.web.method.support.InvocableHandlerMethod.doInvoke(InvocableHandlerMethod.java:257)
	at org.springframework.web.method.support.InvocableHandlerMethod.invokeForRequest(InvocableHandlerMethod.java:190)
	at org.springframework.web.servlet.mvc.method.annotation.ServletInvocableHandlerMethod.invokeAndHandle(ServletInvocableHandlerMethod.java:118)
	at org.springframework.web.servlet.mvc.method.annotation.RequestMappingHandlerAdapter.invokeHandlerMethod(RequestMappingHandlerAdapter.java:986)
	at org.springframework.web.servlet.mvc.method.annotation.RequestMappingHandlerAdapter.handleInternal(RequestMappingHandlerAdapter.java:891)
	at org.springframework.web.servlet.mvc.method.AbstractHandlerMethodAdapter.handle(AbstractHandlerMethodAdapter.java:87)
	at org.springframework.web.servlet.DispatcherServlet.doDispatch(DispatcherServlet.java:1088)
	at org.springframework.web.servlet.DispatcherServlet.doService(DispatcherServlet.java:978)
	at org.springframework.web.servlet.FrameworkServlet.processRequest(FrameworkServlet.java:1014)
	at org.springframework.web.servlet.FrameworkServlet.doPost(FrameworkServlet.java:914)
	at jakarta.servlet.http.HttpServlet.service(HttpServlet.java:590)
	at org.springframework.web.servlet.FrameworkServlet.service(FrameworkServlet.java:885)
	at jakarta.servlet.http.HttpServlet.service(HttpServlet.java:658)
	at org.apache.catalina.core.ApplicationFilterChain.internalDoFilter(ApplicationFilterChain.java:195)
	at org.apache.catalina.core.ApplicationFilterChain.doFilter(ApplicationFilterChain.java:140)
	at org.apache.tomcat.websocket.server.WsFilter.doFilter(WsFilter.java:51)
	at org.apache.catalina.core.ApplicationFilterChain.internalDoFilter(ApplicationFilterChain.java:164)
	at org.apache.catalina.core.ApplicationFilterChain.doFilter(ApplicationFilterChain.java:140)
	at org.springframework.web.filter.RequestContextFilter.doFilterInternal(RequestContextFilter.java:100)
	at org.springframework.web.filter.OncePerRequestFilter.doFilter(OncePerRequestFilter.java:116)
	at org.apache.catalina.core.ApplicationFilterChain.internalDoFilter(ApplicationFilterChain.java:164)
	at org.apache.catalina.core.ApplicationFilterChain.doFilter(ApplicationFilterChain.java:140)
	at org.springframework.web.filter.FormContentFilter.doFilterInternal(FormContentFilter.java:93)
	at org.springframework.web.filter.OncePerRequestFilter.doFilter(OncePerRequestFilter.java:116)
	at org.apache.catalina.core.ApplicationFilterChain.internalDoFilter(ApplicationFilterChain.java:164)
	at org.apache.catalina.core.ApplicationFilterChain.doFilter(ApplicationFilterChain.java:140)
	at org.springframework.web.filter.ServerHttpObservationFilter.doFilterInternal(ServerHttpObservationFilter.java:114)
	at org.springframework.web.filter.OncePerRequestFilter.doFilter(OncePerRequestFilter.java:116)
	at org.apache.catalina.core.ApplicationFilterChain.internalDoFilter(ApplicationFilterChain.java:164)
	at org.apache.catalina.core.ApplicationFilterChain.doFilter(ApplicationFilterChain.java:140)
	at org.springframework.web.filter.CharacterEncodingFilter.doFilterInternal(CharacterEncodingFilter.java:201)
	at org.springframework.web.filter.OncePerRequestFilter.doFilter(OncePerRequestFilter.java:116)
	at org.apache.catalina.core.ApplicationFilterChain.internalDoFilter(ApplicationFilterChain.java:164)
	at org.apache.catalina.core.ApplicationFilterChain.doFilter(ApplicationFilterChain.java:140)
	at org.apache.catalina.core.StandardWrapperValve.invoke(StandardWrapperValve.java:167)
	at org.apache.catalina.core.StandardContextValve.invoke(StandardContextValve.java:90)
	at org.apache.catalina.authenticator.AuthenticatorBase.invoke(AuthenticatorBase.java:483)
	at org.apache.catalina.core.StandardHostValve.invoke(StandardHostValve.java:115)
	at org.apache.catalina.valves.ErrorReportValve.invoke(ErrorReportValve.java:93)
	at org.apache.catalina.core.StandardEngineValve.invoke(StandardEngineValve.java:74)
	at org.apache.catalina.connector.CoyoteAdapter.service(CoyoteAdapter.java:344)
	at org.apache.coyote.http11.Http11Processor.service(Http11Processor.java:397)
	at org.apache.coyote.AbstractProcessorLight.process(AbstractProcessorLight.java:63)
	at org.apache.coyote.AbstractProtocol$ConnectionHandler.process(AbstractProtocol.java:905)
	at org.apache.tomcat.util.net.NioEndpoint$SocketProcessor.doRun(NioEndpoint.java:1743)
	at org.apache.tomcat.util.net.SocketProcessorBase.run(SocketProcessorBase.java:52)
	at org.apache.tomcat.util.threads.ThreadPoolExecutor.runWorker(ThreadPoolExecutor.java:1190)
	at org.apache.tomcat.util.threads.ThreadPoolExecutor$Worker.run(ThreadPoolExecutor.java:659)
	at org.apache.tomcat.util.threads.TaskThread$WrappingRunnable.run(TaskThread.java:63)
	at java.base/java.lang.Thread.run(Thread.java:1570)
Caused by: org.hibernate.exception.GenericJDBCException: could not execute statement [Data truncated for column 'role' at row 1] [insert into users (avatar_url,created_at,email,password,phone_number,role,username) values (?,?,?,?,?,?,?)]
	at org.hibernate.exception.internal.StandardSQLExceptionConverter.convert(StandardSQLExceptionConverter.java:63)
	at org.hibernate.engine.jdbc.spi.SqlExceptionHelper.convert(SqlExceptionHelper.java:108)
	at org.hibernate.engine.jdbc.internal.ResultSetReturnImpl.executeUpdate(ResultSetReturnImpl.java:197)
	at org.hibernate.id.insert.GetGeneratedKeysDelegate.performMutation(GetGeneratedKeysDelegate.java:116)
	at org.hibernate.engine.jdbc.mutation.internal.MutationExecutorSingleNonBatched.performNonBatchedOperations(MutationExecutorSingleNonBatched.java:47)
	at org.hibernate.engine.jdbc.mutation.internal.AbstractMutationExecutor.execute(AbstractMutationExecutor.java:55)
	at org.hibernate.persister.entity.mutation.InsertCoordinatorStandard.doStaticInserts(InsertCoordinatorStandard.java:194)
	at org.hibernate.persister.entity.mutation.InsertCoordinatorStandard.coordinateInsert(InsertCoordinatorStandard.java:132)
	at org.hibernate.persister.entity.mutation.InsertCoordinatorStandard.insert(InsertCoordinatorStandard.java:95)
	at org.hibernate.action.internal.EntityIdentityInsertAction.execute(EntityIdentityInsertAction.java:85)
	at org.hibernate.engine.spi.ActionQueue.execute(ActionQueue.java:682)
	at org.hibernate.engine.spi.ActionQueue.addResolvedEntityInsertAction(ActionQueue.java:293)
	at org.hibernate.engine.spi.ActionQueue.addInsertAction(ActionQueue.java:274)
	at org.hibernate.engine.spi.ActionQueue.addAction(ActionQueue.java:324)
	at org.hibernate.event.internal.AbstractSaveEventListener.addInsertAction(AbstractSaveEventListener.java:393)
	at org.hibernate.event.internal.AbstractSaveEventListener.performSaveOrReplicate(AbstractSaveEventListener.java:307)
	at org.hibernate.event.internal.AbstractSaveEventListener.performSave(AbstractSaveEventListener.java:223)
	at org.hibernate.event.internal.AbstractSaveEventListener.saveWithGeneratedId(AbstractSaveEventListener.java:136)
	at org.hibernate.event.internal.DefaultPersistEventListener.entityIsTransient(DefaultPersistEventListener.java:177)
	at org.hibernate.event.internal.DefaultPersistEventListener.persist(DefaultPersistEventListener.java:95)
	at org.hibernate.event.internal.DefaultPersistEventListener.onPersist(DefaultPersistEventListener.java:79)
	at org.hibernate.event.internal.DefaultPersistEventListener.onPersist(DefaultPersistEventListener.java:55)
	at org.hibernate.event.service.internal.EventListenerGroupImpl.fireEventOnEachListener(EventListenerGroupImpl.java:127)
	at org.hibernate.internal.SessionImpl.firePersist(SessionImpl.java:761)
	at org.hibernate.internal.SessionImpl.persist(SessionImpl.java:745)
	at java.base/jdk.internal.reflect.DirectMethodHandleAccessor.invoke(DirectMethodHandleAccessor.java:103)
	at java.base/java.lang.reflect.Method.invoke(Method.java:580)
	at org.springframework.orm.jpa.ExtendedEntityManagerCreator$ExtendedEntityManagerInvocationHandler.invoke(ExtendedEntityManagerCreator.java:364)
	at jdk.proxy2/jdk.proxy2.$Proxy155.persist(Unknown Source)
	at java.base/jdk.internal.reflect.DirectMethodHandleAccessor.invoke(DirectMethodHandleAccessor.java:103)
	at java.base/java.lang.reflect.Method.invoke(Method.java:580)
	at org.springframework.orm.jpa.SharedEntityManagerCreator$SharedEntityManagerInvocationHandler.invoke(SharedEntityManagerCreator.java:320)
	at jdk.proxy2/jdk.proxy2.$Proxy155.persist(Unknown Source)
	at org.springframework.data.jpa.repository.support.SimpleJpaRepository.save(SimpleJpaRepository.java:651)
	at java.base/jdk.internal.reflect.DirectMethodHandleAccessor.invoke(DirectMethodHandleAccessor.java:103)
	at java.base/java.lang.reflect.Method.invoke(Method.java:580)
	at org.springframework.aop.support.AopUtils.invokeJoinpointUsingReflection(AopUtils.java:359)
	at org.springframework.data.repository.core.support.RepositoryMethodInvoker$RepositoryFragmentMethodInvoker.lambda$new$0(RepositoryMethodInvoker.java:277)
	at org.springframework.data.repository.core.support.RepositoryMethodInvoker.doInvoke(RepositoryMethodInvoker.java:170)
	at org.springframework.data.repository.core.support.RepositoryMethodInvoker.invoke(RepositoryMethodInvoker.java:158)
	at org.springframework.data.repository.core.support.RepositoryComposition$RepositoryFragments.invoke(RepositoryComposition.java:515)
	at org.springframework.data.repository.core.support.RepositoryComposition.invoke(RepositoryComposition.java:284)
	at org.springframework.data.repository.core.support.RepositoryFactorySupport$ImplementationMethodExecutionInterceptor.invoke(RepositoryFactorySupport.java:754)
	at org.springframework.aop.framework.ReflectiveMethodInvocation.proceed(ReflectiveMethodInvocation.java:184)
	at org.springframework.data.repository.core.support.QueryExecutorMethodInterceptor.doInvoke(QueryExecutorMethodInterceptor.java:174)
	at org.springframework.data.repository.core.support.QueryExecutorMethodInterceptor.invoke(QueryExecutorMethodInterceptor.java:149)
	at org.springframework.aop.framework.ReflectiveMethodInvocation.proceed(ReflectiveMethodInvocation.java:184)
	at org.springframework.data.projection.DefaultMethodInvokingMethodInterceptor.invoke(DefaultMethodInvokingMethodInterceptor.java:69)
	at org.springframework.aop.framework.ReflectiveMethodInvocation.proceed(ReflectiveMethodInvocation.java:184)
	at org.springframework.transaction.interceptor.TransactionAspectSupport.invokeWithinTransaction(TransactionAspectSupport.java:380)
	at org.springframework.transaction.interceptor.TransactionInterceptor.invoke(TransactionInterceptor.java:119)
	at org.springframework.aop.framework.ReflectiveMethodInvocation.proceed(ReflectiveMethodInvocation.java:184)
	at org.springframework.dao.support.PersistenceExceptionTranslationInterceptor.invoke(PersistenceExceptionTranslationInterceptor.java:138)
	... 59 common frames omitted
Caused by: java.sql.SQLException: Data truncated for column 'role' at row 1
	at com.mysql.cj.jdbc.exceptions.SQLError.createSQLException(SQLError.java:121)
	at com.mysql.cj.jdbc.exceptions.SQLExceptionsMapping.translateException(SQLExceptionsMapping.java:114)
	at com.mysql.cj.jdbc.ClientPreparedStatement.executeInternal(ClientPreparedStatement.java:990)
	at com.mysql.cj.jdbc.ClientPreparedStatement.executeUpdateInternal(ClientPreparedStatement.java:1168)
	at com.mysql.cj.jdbc.ClientPreparedStatement.executeUpdateInternal(ClientPreparedStatement.java:1103)
	at com.mysql.cj.jdbc.ClientPreparedStatement.executeLargeUpdate(ClientPreparedStatement.java:1450)
	at com.mysql.cj.jdbc.ClientPreparedStatement.executeUpdate(ClientPreparedStatement.java:1086)
	at com.zaxxer.hikari.pool.ProxyPreparedStatement.executeUpdate(ProxyPreparedStatement.java:61)
	at com.zaxxer.hikari.pool.HikariProxyPreparedStatement.executeUpdate(HikariProxyPreparedStatement.java)
	at org.hibernate.engine.jdbc.internal.ResultSetReturnImpl.executeUpdate(ResultSetReturnImpl.java:194)
	... 109 common frames omitted
2025-03-06 14:19:11 [http-nio-8080-exec-6] DEBUG org.hibernate.SQL - select u1_0.id,u1_0.avatar_url,u1_0.created_at,u1_0.email,u1_0.password,u1_0.phone_number,u1_0.role,u1_0.username from users u1_0
2025-03-06 14:21:10 [main] INFO  com.E_Commer.ECommerApplication - Starting ECommerApplication using Java 22.0.1 with PID 21380 (E:\E-Commer\E-Commer\target\classes started by ACER in E:\E-Commer)
2025-03-06 14:21:10 [main] DEBUG com.E_Commer.ECommerApplication - Running with Spring Boot v3.5.0-M2, Spring v6.2.3
2025-03-06 14:21:10 [main] INFO  com.E_Commer.ECommerApplication - No active profile set, falling back to 1 default profile: "default"
2025-03-06 14:21:11 [main] INFO  o.s.d.r.c.RepositoryConfigurationDelegate - Bootstrapping Spring Data JPA repositories in DEFAULT mode.
2025-03-06 14:21:11 [main] INFO  o.s.d.r.c.RepositoryConfigurationDelegate - Finished Spring Data repository scanning in 54 ms. Found 1 JPA repository interface.
2025-03-06 14:21:12 [main] INFO  o.s.b.w.e.tomcat.TomcatWebServer - Tomcat initialized with port 8080 (http)
2025-03-06 14:21:12 [main] INFO  o.a.coyote.http11.Http11NioProtocol - Initializing ProtocolHandler ["http-nio-8080"]
2025-03-06 14:21:12 [main] INFO  o.a.catalina.core.StandardService - Starting service [Tomcat]
2025-03-06 14:21:12 [main] INFO  o.a.catalina.core.StandardEngine - Starting Servlet engine: [Apache Tomcat/10.1.36]
2025-03-06 14:21:12 [main] INFO  o.a.c.c.C.[Tomcat].[localhost].[/] - Initializing Spring embedded WebApplicationContext
2025-03-06 14:21:12 [main] INFO  o.s.b.w.s.c.ServletWebServerApplicationContext - Root WebApplicationContext: initialization completed in 2050 ms
2025-03-06 14:21:12 [main] INFO  o.h.jpa.internal.util.LogHelper - HHH000204: Processing PersistenceUnitInfo [name: default]
2025-03-06 14:21:13 [main] INFO  org.hibernate.Version - HHH000412: Hibernate ORM core version 6.6.8.Final
2025-03-06 14:21:13 [main] INFO  o.h.c.i.RegionFactoryInitiator - HHH000026: Second-level cache disabled
2025-03-06 14:21:13 [main] INFO  o.s.o.j.p.SpringPersistenceUnitInfo - No LoadTimeWeaver setup: ignoring JPA class transformer
2025-03-06 14:21:13 [main] INFO  com.zaxxer.hikari.HikariDataSource - HikariPool-1 - Starting...
2025-03-06 14:21:13 [main] INFO  com.zaxxer.hikari.pool.HikariPool - HikariPool-1 - Added connection com.mysql.cj.jdbc.ConnectionImpl@1479ed5a
2025-03-06 14:21:13 [main] INFO  com.zaxxer.hikari.HikariDataSource - HikariPool-1 - Start completed.
2025-03-06 14:21:13 [main] WARN  org.hibernate.orm.deprecation - HHH90000025: MySQL8Dialect does not need to be specified explicitly using 'hibernate.dialect' (remove the property setting and it will be selected by default)
2025-03-06 14:21:13 [main] WARN  org.hibernate.orm.deprecation - HHH90000026: MySQL8Dialect has been deprecated; use org.hibernate.dialect.MySQLDialect instead
2025-03-06 14:21:13 [main] INFO  o.hibernate.orm.connections.pooling - HHH10001005: Database info:
	Database JDBC URL [Connecting through datasource 'HikariDataSource (HikariPool-1)']
	Database driver: undefined/unknown
	Database version: 8.0
	Autocommit mode: undefined/unknown
	Isolation level: undefined/unknown
	Minimum pool size: undefined/unknown
	Maximum pool size: undefined/unknown
2025-03-06 14:21:14 [main] INFO  o.h.e.t.j.p.i.JtaPlatformInitiator - HHH000489: No JTA platform available (set 'hibernate.transaction.jta.platform' to enable JTA platform integration)
2025-03-06 14:21:14 [main] DEBUG org.hibernate.SQL - create table addresses (id bigint not null auto_increment, city varchar(255), country varchar(255), state varchar(255), street varchar(255) not null, zip_code varchar(255), user_id bigint, primary key (id)) engine=InnoDB
2025-03-06 14:21:14 [main] DEBUG org.hibernate.SQL - create table categories (id bigint not null auto_increment, name varchar(255) not null, parent_id bigint, primary key (id)) engine=InnoDB
2025-03-06 14:21:14 [main] DEBUG org.hibernate.SQL - create table discounts (id bigint not null auto_increment, code varchar(20) not null, created_at datetime(6), expiry_date datetime(6) not null, max_discount float(53), percentage float(53) not null, quantity integer not null, status enum ('ACTIVE','EXPIRED','USED') not null, primary key (id)) engine=InnoDB
2025-03-06 14:21:14 [main] DEBUG org.hibernate.SQL - create table order_items (id bigint not null auto_increment, created_at datetime(6), quantity integer not null, unit_price decimal(10,2) not null, updated_at datetime(6), order_id bigint not null, product_variant_id bigint not null, primary key (id)) engine=InnoDB
2025-03-06 14:21:14 [main] DEBUG org.hibernate.SQL - create table order_tracking (id bigint not null auto_increment, created_at datetime(6), status enum ('ARRIVED_HUB','DELIVERED','PACKING','RETURNED','SHIPPING') not null, updated_at datetime(6), order_id bigint not null, primary key (id)) engine=InnoDB
2025-03-06 14:21:14 [main] DEBUG org.hibernate.SQL - create table orders (id bigint not null auto_increment, created_at datetime(6), status enum ('CANCELLED','DELIVERED','PENDING','PROCESSING','RETURNED','SHIPPED') not null, total_price float(53), updated_at datetime(6), user_id bigint not null, primary key (id)) engine=InnoDB
2025-03-06 14:21:14 [main] DEBUG org.hibernate.SQL - create table payments (id bigint not null auto_increment, created_at datetime(6), payment_method varchar(50) not null, status enum ('FAILED','PENDING','SUCCESS') not null, transaction_id varchar(255), order_id bigint not null, primary key (id)) engine=InnoDB
2025-03-06 14:21:14 [main] DEBUG org.hibernate.SQL - create table product_category (product_id bigint not null, category_id bigint not null) engine=InnoDB
2025-03-06 14:21:14 [main] DEBUG org.hibernate.SQL - create table product_images (id bigint not null auto_increment, image_url varchar(255) not null, is_thumbnail BOOLEAN DEFAULT FALSE not null, product_id bigint not null, primary key (id)) engine=InnoDB
2025-03-06 14:21:14 [main] DEBUG org.hibernate.SQL - create table product_variants (id bigint not null auto_increment, price decimal(38,2) not null, stock integer not null, variant_name varchar(255) not null, product_id bigint not null, primary key (id)) engine=InnoDB
2025-03-06 14:21:14 [main] DEBUG org.hibernate.SQL - create table products (id bigint not null auto_increment, created_at datetime(6), description TEXT, name varchar(255) not null, price decimal(38,2) not null, stock integer not null, updated_at datetime(6), seller_id bigint not null, primary key (id)) engine=InnoDB
2025-03-06 14:21:14 [main] DEBUG org.hibernate.SQL - create table refunds (id bigint not null auto_increment, amount float(53) not null, created_at datetime(6), reason varchar(255) not null, status enum ('APPROVED','PENDING','REJECTED') not null, updated_at datetime(6), order_id bigint not null, primary key (id)) engine=InnoDB
2025-03-06 14:21:14 [main] DEBUG org.hibernate.SQL - create table reviews (id bigint not null auto_increment, comment TEXT, created_at datetime(6) not null, rating integer not null, product_id bigint not null, user_id bigint not null, primary key (id)) engine=InnoDB
2025-03-06 14:21:14 [main] DEBUG org.hibernate.SQL - create table shopping_cart (id bigint not null auto_increment, quantity integer not null, product_variant_id bigint not null, user_id bigint not null, primary key (id)) engine=InnoDB
2025-03-06 14:21:14 [main] DEBUG org.hibernate.SQL - create table users (id bigint not null auto_increment, avatar_url varchar(255), created_at datetime(6), email varchar(255) not null, password varchar(255) not null, phone_number varchar(255), role enum ('ADMIN','CUSTOMER','SELLER','SUPER_ADMIN'), username varchar(255) not null, primary key (id)) engine=InnoDB
2025-03-06 14:21:14 [main] DEBUG org.hibernate.SQL - create table wishlist (id bigint not null auto_increment, created_at datetime(6), product_id bigint not null, user_id bigint not null, primary key (id)) engine=InnoDB
2025-03-06 14:21:14 [main] DEBUG org.hibernate.SQL - alter table categories drop index UKt8o6pivur7nn124jehx7cygw5
2025-03-06 14:21:14 [main] DEBUG org.hibernate.SQL - alter table categories add constraint UKt8o6pivur7nn124jehx7cygw5 unique (name)
2025-03-06 14:21:14 [main] DEBUG org.hibernate.SQL - alter table discounts drop index UKbc29q3wh0lqhy0k84bx3afk08
2025-03-06 14:21:14 [main] DEBUG org.hibernate.SQL - alter table discounts add constraint UKbc29q3wh0lqhy0k84bx3afk08 unique (code)
2025-03-06 14:21:14 [main] DEBUG org.hibernate.SQL - alter table payments drop index UKlryndveuwa4k5qthti0pkmtlx
2025-03-06 14:21:14 [main] DEBUG org.hibernate.SQL - alter table payments add constraint UKlryndveuwa4k5qthti0pkmtlx unique (transaction_id)
2025-03-06 14:21:15 [main] DEBUG org.hibernate.SQL - alter table payments drop index UK8vo36cen604as7etdfwmyjsxt
2025-03-06 14:21:15 [main] DEBUG org.hibernate.SQL - alter table payments add constraint UK8vo36cen604as7etdfwmyjsxt unique (order_id)
2025-03-06 14:21:15 [main] DEBUG org.hibernate.SQL - alter table products drop index UKo61fmio5yukmmiqgnxf8pnavn
2025-03-06 14:21:15 [main] DEBUG org.hibernate.SQL - alter table products add constraint UKo61fmio5yukmmiqgnxf8pnavn unique (name)
2025-03-06 14:21:15 [main] DEBUG org.hibernate.SQL - alter table refunds drop index UKgotjk25w6sr9rf3ikc0mrove5
2025-03-06 14:21:15 [main] DEBUG org.hibernate.SQL - alter table refunds add constraint UKgotjk25w6sr9rf3ikc0mrove5 unique (order_id)
2025-03-06 14:21:15 [main] DEBUG org.hibernate.SQL - alter table users drop index UK6dotkott2kjsp8vw4d0m25fb7
2025-03-06 14:21:15 [main] DEBUG org.hibernate.SQL - alter table users add constraint UK6dotkott2kjsp8vw4d0m25fb7 unique (email)
2025-03-06 14:21:15 [main] DEBUG org.hibernate.SQL - alter table users drop index UKr43af9ap4edm43mmtq01oddj6
2025-03-06 14:21:15 [main] DEBUG org.hibernate.SQL - alter table users add constraint UKr43af9ap4edm43mmtq01oddj6 unique (username)
2025-03-06 14:21:15 [main] DEBUG org.hibernate.SQL - alter table wishlist drop index UKq85ckb2tlq3h7k56ovtqnjls2
2025-03-06 14:21:15 [main] DEBUG org.hibernate.SQL - alter table wishlist add constraint UKq85ckb2tlq3h7k56ovtqnjls2 unique (user_id, product_id)
2025-03-06 14:21:15 [main] DEBUG org.hibernate.SQL - alter table addresses add constraint FK1fa36y2oqhao3wgg2rw1pi459 foreign key (user_id) references users (id)
2025-03-06 14:21:15 [main] DEBUG org.hibernate.SQL - alter table categories add constraint FKsaok720gsu4u2wrgbk10b5n8d foreign key (parent_id) references categories (id)
2025-03-06 14:21:15 [main] DEBUG org.hibernate.SQL - alter table order_items add constraint FKbioxgbv59vetrxe0ejfubep1w foreign key (order_id) references orders (id)
2025-03-06 14:21:15 [main] DEBUG org.hibernate.SQL - alter table order_items add constraint FKltmtlue0wixrg1cf0xo7x0l4d foreign key (product_variant_id) references product_variants (id)
2025-03-06 14:21:15 [main] DEBUG org.hibernate.SQL - alter table order_tracking add constraint FKeu0lumcx8bcx6lk035xiklty0 foreign key (order_id) references orders (id)
2025-03-06 14:21:15 [main] DEBUG org.hibernate.SQL - alter table orders add constraint FK32ql8ubntj5uh44ph9659tiih foreign key (user_id) references users (id)
2025-03-06 14:21:15 [main] DEBUG org.hibernate.SQL - alter table payments add constraint FK81gagumt0r8y3rmudcgpbk42l foreign key (order_id) references orders (id)
2025-03-06 14:21:15 [main] DEBUG org.hibernate.SQL - alter table product_category add constraint FKdswxvx2nl2032yjv609r29sdr foreign key (category_id) references categories (id)
2025-03-06 14:21:15 [main] DEBUG org.hibernate.SQL - alter table product_category add constraint FK5w81wp3eyugvi2lii94iao3fm foreign key (product_id) references products (id)
2025-03-06 14:21:15 [main] DEBUG org.hibernate.SQL - alter table product_images add constraint FKqnq71xsohugpqwf3c9gxmsuy foreign key (product_id) references products (id)
2025-03-06 14:21:15 [main] DEBUG org.hibernate.SQL - alter table product_variants add constraint FKosqitn4s405cynmhb87lkvuau foreign key (product_id) references products (id)
2025-03-06 14:21:15 [main] DEBUG org.hibernate.SQL - alter table products add constraint FKbgw3lyxhsml3kfqnfr45o0vbj foreign key (seller_id) references users (id)
2025-03-06 14:21:15 [main] DEBUG org.hibernate.SQL - alter table refunds add constraint FKsk9rqm7f6y8b1g0qob018hdm7 foreign key (order_id) references orders (id)
2025-03-06 14:21:15 [main] DEBUG org.hibernate.SQL - alter table reviews add constraint FKpl51cejpw4gy5swfar8br9ngi foreign key (product_id) references products (id)
2025-03-06 14:21:15 [main] DEBUG org.hibernate.SQL - alter table reviews add constraint FKcgy7qjc1r99dp117y9en6lxye foreign key (user_id) references users (id)
2025-03-06 14:21:15 [main] DEBUG org.hibernate.SQL - alter table shopping_cart add constraint FKlaggstxfkp4fh6a4r1sxc51uq foreign key (product_variant_id) references product_variants (id)
2025-03-06 14:21:15 [main] DEBUG org.hibernate.SQL - alter table shopping_cart add constraint FKr1irjigmqcpfrvggavnr7vjyv foreign key (user_id) references users (id)
2025-03-06 14:21:15 [main] DEBUG org.hibernate.SQL - alter table wishlist add constraint FK6p7qhvy1bfkri13u29x6pu8au foreign key (product_id) references products (id)
2025-03-06 14:21:15 [main] DEBUG org.hibernate.SQL - alter table wishlist add constraint FKtrd6335blsefl2gxpb8lr0gr7 foreign key (user_id) references users (id)
2025-03-06 14:21:15 [main] INFO  o.s.o.j.LocalContainerEntityManagerFactoryBean - Initialized JPA EntityManagerFactory for persistence unit 'default'
2025-03-06 14:21:16 [main] WARN  o.s.b.a.o.j.JpaBaseConfiguration$JpaWebConfiguration - spring.jpa.open-in-view is enabled by default. Therefore, database queries may be performed during view rendering. Explicitly configure spring.jpa.open-in-view to disable this warning
2025-03-06 14:21:16 [main] INFO  o.s.v.b.OptionalValidatorFactoryBean - Failed to set up a Bean Validation provider: jakarta.validation.NoProviderFoundException: Unable to create a Configuration, because no Jakarta Bean Validation provider could be found. Add a provider like Hibernate Validator (RI) to your classpath.
2025-03-06 14:21:17 [main] INFO  o.s.b.a.e.web.EndpointLinksResolver - Exposing 1 endpoint beneath base path '/actuator'
2025-03-06 14:21:17 [main] INFO  o.a.coyote.http11.Http11NioProtocol - Starting ProtocolHandler ["http-nio-8080"]
2025-03-06 14:21:17 [main] INFO  o.s.b.w.e.tomcat.TomcatWebServer - Tomcat started on port 8080 (http) with context path '/'
2025-03-06 14:21:17 [main] INFO  com.E_Commer.ECommerApplication - Started ECommerApplication in 7.594 seconds (process running for 8.372)
2025-03-06 14:21:18 [RMI TCP Connection(2)-127.0.0.1] INFO  o.a.c.c.C.[Tomcat].[localhost].[/] - Initializing Spring DispatcherServlet 'dispatcherServlet'
2025-03-06 14:21:18 [RMI TCP Connection(2)-127.0.0.1] INFO  o.s.web.servlet.DispatcherServlet - Initializing Servlet 'dispatcherServlet'
2025-03-06 14:21:18 [RMI TCP Connection(2)-127.0.0.1] INFO  o.s.web.servlet.DispatcherServlet - Completed initialization in 1 ms
2025-03-06 14:21:23 [http-nio-8080-exec-1] DEBUG org.hibernate.SQL - select u1_0.id,u1_0.avatar_url,u1_0.created_at,u1_0.email,u1_0.password,u1_0.phone_number,u1_0.role,u1_0.username from users u1_0
2025-03-06 14:21:54 [http-nio-8080-exec-2] DEBUG org.hibernate.SQL - insert into users (avatar_url,created_at,email,password,phone_number,role,username) values (?,?,?,?,?,?,?)
2025-03-06 14:33:58 [main] INFO  com.E_Commer.ECommerApplication - Starting ECommerApplication using Java 22.0.1 with PID 10556 (E:\E-Commer\E-Commer\target\classes started by ACER in E:\E-Commer)
2025-03-06 14:33:58 [main] DEBUG com.E_Commer.ECommerApplication - Running with Spring Boot v3.5.0-M2, Spring v6.2.3
2025-03-06 14:33:58 [main] INFO  com.E_Commer.ECommerApplication - No active profile set, falling back to 1 default profile: "default"
2025-03-06 14:33:59 [main] INFO  o.s.d.r.c.RepositoryConfigurationDelegate - Bootstrapping Spring Data JPA repositories in DEFAULT mode.
2025-03-06 14:33:59 [main] INFO  o.s.d.r.c.RepositoryConfigurationDelegate - Finished Spring Data repository scanning in 62 ms. Found 1 JPA repository interface.
2025-03-06 14:34:00 [main] INFO  o.s.b.w.e.tomcat.TomcatWebServer - Tomcat initialized with port 8080 (http)
2025-03-06 14:34:00 [main] INFO  o.a.coyote.http11.Http11NioProtocol - Initializing ProtocolHandler ["http-nio-8080"]
2025-03-06 14:34:00 [main] INFO  o.a.catalina.core.StandardService - Starting service [Tomcat]
2025-03-06 14:34:00 [main] INFO  o.a.catalina.core.StandardEngine - Starting Servlet engine: [Apache Tomcat/10.1.36]
2025-03-06 14:34:00 [main] INFO  o.a.c.c.C.[Tomcat].[localhost].[/] - Initializing Spring embedded WebApplicationContext
2025-03-06 14:34:00 [main] INFO  o.s.b.w.s.c.ServletWebServerApplicationContext - Root WebApplicationContext: initialization completed in 2305 ms
2025-03-06 14:34:01 [main] INFO  o.h.jpa.internal.util.LogHelper - HHH000204: Processing PersistenceUnitInfo [name: default]
2025-03-06 14:34:01 [main] INFO  org.hibernate.Version - HHH000412: Hibernate ORM core version 6.6.8.Final
2025-03-06 14:34:01 [main] INFO  o.h.c.i.RegionFactoryInitiator - HHH000026: Second-level cache disabled
2025-03-06 14:34:01 [main] INFO  o.s.o.j.p.SpringPersistenceUnitInfo - No LoadTimeWeaver setup: ignoring JPA class transformer
2025-03-06 14:34:01 [main] INFO  com.zaxxer.hikari.HikariDataSource - HikariPool-1 - Starting...
2025-03-06 14:34:02 [main] INFO  com.zaxxer.hikari.pool.HikariPool - HikariPool-1 - Added connection com.mysql.cj.jdbc.ConnectionImpl@4af606e9
2025-03-06 14:34:02 [main] INFO  com.zaxxer.hikari.HikariDataSource - HikariPool-1 - Start completed.
2025-03-06 14:34:02 [main] WARN  org.hibernate.orm.deprecation - HHH90000025: MySQL8Dialect does not need to be specified explicitly using 'hibernate.dialect' (remove the property setting and it will be selected by default)
2025-03-06 14:34:02 [main] WARN  org.hibernate.orm.deprecation - HHH90000026: MySQL8Dialect has been deprecated; use org.hibernate.dialect.MySQLDialect instead
2025-03-06 14:34:02 [main] INFO  o.hibernate.orm.connections.pooling - HHH10001005: Database info:
	Database JDBC URL [Connecting through datasource 'HikariDataSource (HikariPool-1)']
	Database driver: undefined/unknown
	Database version: 8.0
	Autocommit mode: undefined/unknown
	Isolation level: undefined/unknown
	Minimum pool size: undefined/unknown
	Maximum pool size: undefined/unknown
2025-03-06 14:34:02 [main] INFO  o.h.e.t.j.p.i.JtaPlatformInitiator - HHH000489: No JTA platform available (set 'hibernate.transaction.jta.platform' to enable JTA platform integration)
2025-03-06 14:34:03 [main] DEBUG org.hibernate.SQL - create table addresses (id bigint not null auto_increment, city varchar(255), country varchar(255), state varchar(255), street varchar(255) not null, zip_code varchar(255), user_id bigint, primary key (id)) engine=InnoDB
2025-03-06 14:34:03 [main] DEBUG org.hibernate.SQL - create table categories (id bigint not null auto_increment, name varchar(255) not null, parent_id bigint, primary key (id)) engine=InnoDB
2025-03-06 14:34:03 [main] DEBUG org.hibernate.SQL - create table discounts (id bigint not null auto_increment, code varchar(20) not null, created_at datetime(6), expiry_date datetime(6) not null, max_discount float(53), percentage float(53) not null, quantity integer not null, status enum ('ACTIVE','EXPIRED','USED') not null, primary key (id)) engine=InnoDB
2025-03-06 14:34:03 [main] DEBUG org.hibernate.SQL - create table order_items (id bigint not null auto_increment, created_at datetime(6), quantity integer not null, unit_price decimal(10,2) not null, updated_at datetime(6), order_id bigint not null, product_variant_id bigint not null, primary key (id)) engine=InnoDB
2025-03-06 14:34:03 [main] DEBUG org.hibernate.SQL - create table order_tracking (id bigint not null auto_increment, created_at datetime(6), status enum ('ARRIVED_HUB','DELIVERED','PACKING','RETURNED','SHIPPING') not null, updated_at datetime(6), order_id bigint not null, primary key (id)) engine=InnoDB
2025-03-06 14:34:03 [main] DEBUG org.hibernate.SQL - create table orders (id bigint not null auto_increment, created_at datetime(6), status enum ('CANCELLED','DELIVERED','PENDING','PROCESSING','RETURNED','SHIPPED') not null, total_price float(53), updated_at datetime(6), user_id bigint not null, primary key (id)) engine=InnoDB
2025-03-06 14:34:03 [main] DEBUG org.hibernate.SQL - create table payments (id bigint not null auto_increment, created_at datetime(6), payment_method varchar(50) not null, status enum ('FAILED','PENDING','SUCCESS') not null, transaction_id varchar(255), order_id bigint not null, primary key (id)) engine=InnoDB
2025-03-06 14:34:03 [main] DEBUG org.hibernate.SQL - create table product_category (product_id bigint not null, category_id bigint not null) engine=InnoDB
2025-03-06 14:34:03 [main] DEBUG org.hibernate.SQL - create table product_images (id bigint not null auto_increment, image_url varchar(255) not null, is_thumbnail BOOLEAN DEFAULT FALSE not null, product_id bigint not null, primary key (id)) engine=InnoDB
2025-03-06 14:34:03 [main] DEBUG org.hibernate.SQL - create table product_variants (id bigint not null auto_increment, price decimal(38,2) not null, stock integer not null, variant_name varchar(255) not null, product_id bigint not null, primary key (id)) engine=InnoDB
2025-03-06 14:34:03 [main] DEBUG org.hibernate.SQL - create table products (id bigint not null auto_increment, created_at datetime(6), description TEXT, name varchar(255) not null, price decimal(38,2) not null, stock integer not null, updated_at datetime(6), seller_id bigint not null, primary key (id)) engine=InnoDB
2025-03-06 14:34:03 [main] DEBUG org.hibernate.SQL - create table refunds (id bigint not null auto_increment, amount float(53) not null, created_at datetime(6), reason varchar(255) not null, status enum ('APPROVED','PENDING','REJECTED') not null, updated_at datetime(6), order_id bigint not null, primary key (id)) engine=InnoDB
2025-03-06 14:34:03 [main] DEBUG org.hibernate.SQL - create table reviews (id bigint not null auto_increment, comment TEXT, created_at datetime(6) not null, rating integer not null, product_id bigint not null, user_id bigint not null, primary key (id)) engine=InnoDB
2025-03-06 14:34:03 [main] DEBUG org.hibernate.SQL - create table shopping_cart (id bigint not null auto_increment, quantity integer not null, product_variant_id bigint not null, user_id bigint not null, primary key (id)) engine=InnoDB
2025-03-06 14:34:03 [main] DEBUG org.hibernate.SQL - create table users (id bigint not null auto_increment, avatar_url varchar(255), created_at datetime(6), email varchar(255) not null, full_name varchar(255) not null, password varchar(255) not null, phone_number varchar(255), role enum ('ADMIN','CUSTOMER','SELLER','SUPER_ADMIN'), username varchar(255) not null, primary key (id)) engine=InnoDB
2025-03-06 14:34:03 [main] DEBUG org.hibernate.SQL - create table wishlist (id bigint not null auto_increment, created_at datetime(6), product_id bigint not null, user_id bigint not null, primary key (id)) engine=InnoDB
2025-03-06 14:34:03 [main] DEBUG org.hibernate.SQL - alter table categories drop index UKt8o6pivur7nn124jehx7cygw5
2025-03-06 14:34:03 [main] DEBUG org.hibernate.SQL - alter table categories add constraint UKt8o6pivur7nn124jehx7cygw5 unique (name)
2025-03-06 14:34:03 [main] DEBUG org.hibernate.SQL - alter table discounts drop index UKbc29q3wh0lqhy0k84bx3afk08
2025-03-06 14:34:03 [main] DEBUG org.hibernate.SQL - alter table discounts add constraint UKbc29q3wh0lqhy0k84bx3afk08 unique (code)
2025-03-06 14:34:03 [main] DEBUG org.hibernate.SQL - alter table payments drop index UKlryndveuwa4k5qthti0pkmtlx
2025-03-06 14:34:03 [main] DEBUG org.hibernate.SQL - alter table payments add constraint UKlryndveuwa4k5qthti0pkmtlx unique (transaction_id)
2025-03-06 14:34:03 [main] DEBUG org.hibernate.SQL - alter table payments drop index UK8vo36cen604as7etdfwmyjsxt
2025-03-06 14:34:03 [main] DEBUG org.hibernate.SQL - alter table payments add constraint UK8vo36cen604as7etdfwmyjsxt unique (order_id)
2025-03-06 14:34:03 [main] DEBUG org.hibernate.SQL - alter table products drop index UKo61fmio5yukmmiqgnxf8pnavn
2025-03-06 14:34:03 [main] DEBUG org.hibernate.SQL - alter table products add constraint UKo61fmio5yukmmiqgnxf8pnavn unique (name)
2025-03-06 14:34:03 [main] DEBUG org.hibernate.SQL - alter table refunds drop index UKgotjk25w6sr9rf3ikc0mrove5
2025-03-06 14:34:03 [main] DEBUG org.hibernate.SQL - alter table refunds add constraint UKgotjk25w6sr9rf3ikc0mrove5 unique (order_id)
2025-03-06 14:34:03 [main] DEBUG org.hibernate.SQL - alter table users drop index UK6dotkott2kjsp8vw4d0m25fb7
2025-03-06 14:34:03 [main] DEBUG org.hibernate.SQL - alter table users add constraint UK6dotkott2kjsp8vw4d0m25fb7 unique (email)
2025-03-06 14:34:03 [main] DEBUG org.hibernate.SQL - alter table users drop index UKr43af9ap4edm43mmtq01oddj6
2025-03-06 14:34:03 [main] DEBUG org.hibernate.SQL - alter table users add constraint UKr43af9ap4edm43mmtq01oddj6 unique (username)
2025-03-06 14:34:03 [main] DEBUG org.hibernate.SQL - alter table wishlist drop index UKq85ckb2tlq3h7k56ovtqnjls2
2025-03-06 14:34:03 [main] DEBUG org.hibernate.SQL - alter table wishlist add constraint UKq85ckb2tlq3h7k56ovtqnjls2 unique (user_id, product_id)
2025-03-06 14:34:03 [main] DEBUG org.hibernate.SQL - alter table addresses add constraint FK1fa36y2oqhao3wgg2rw1pi459 foreign key (user_id) references users (id)
2025-03-06 14:34:03 [main] DEBUG org.hibernate.SQL - alter table categories add constraint FKsaok720gsu4u2wrgbk10b5n8d foreign key (parent_id) references categories (id)
2025-03-06 14:34:03 [main] DEBUG org.hibernate.SQL - alter table order_items add constraint FKbioxgbv59vetrxe0ejfubep1w foreign key (order_id) references orders (id)
2025-03-06 14:34:03 [main] DEBUG org.hibernate.SQL - alter table order_items add constraint FKltmtlue0wixrg1cf0xo7x0l4d foreign key (product_variant_id) references product_variants (id)
2025-03-06 14:34:03 [main] DEBUG org.hibernate.SQL - alter table order_tracking add constraint FKeu0lumcx8bcx6lk035xiklty0 foreign key (order_id) references orders (id)
2025-03-06 14:34:03 [main] DEBUG org.hibernate.SQL - alter table orders add constraint FK32ql8ubntj5uh44ph9659tiih foreign key (user_id) references users (id)
2025-03-06 14:34:03 [main] DEBUG org.hibernate.SQL - alter table payments add constraint FK81gagumt0r8y3rmudcgpbk42l foreign key (order_id) references orders (id)
2025-03-06 14:34:03 [main] DEBUG org.hibernate.SQL - alter table product_category add constraint FKdswxvx2nl2032yjv609r29sdr foreign key (category_id) references categories (id)
2025-03-06 14:34:03 [main] DEBUG org.hibernate.SQL - alter table product_category add constraint FK5w81wp3eyugvi2lii94iao3fm foreign key (product_id) references products (id)
2025-03-06 14:34:03 [main] DEBUG org.hibernate.SQL - alter table product_images add constraint FKqnq71xsohugpqwf3c9gxmsuy foreign key (product_id) references products (id)
2025-03-06 14:34:03 [main] DEBUG org.hibernate.SQL - alter table product_variants add constraint FKosqitn4s405cynmhb87lkvuau foreign key (product_id) references products (id)
2025-03-06 14:34:04 [main] DEBUG org.hibernate.SQL - alter table products add constraint FKbgw3lyxhsml3kfqnfr45o0vbj foreign key (seller_id) references users (id)
2025-03-06 14:34:04 [main] DEBUG org.hibernate.SQL - alter table refunds add constraint FKsk9rqm7f6y8b1g0qob018hdm7 foreign key (order_id) references orders (id)
2025-03-06 14:34:04 [main] DEBUG org.hibernate.SQL - alter table reviews add constraint FKpl51cejpw4gy5swfar8br9ngi foreign key (product_id) references products (id)
2025-03-06 14:34:04 [main] DEBUG org.hibernate.SQL - alter table reviews add constraint FKcgy7qjc1r99dp117y9en6lxye foreign key (user_id) references users (id)
2025-03-06 14:34:04 [main] DEBUG org.hibernate.SQL - alter table shopping_cart add constraint FKlaggstxfkp4fh6a4r1sxc51uq foreign key (product_variant_id) references product_variants (id)
2025-03-06 14:34:04 [main] DEBUG org.hibernate.SQL - alter table shopping_cart add constraint FKr1irjigmqcpfrvggavnr7vjyv foreign key (user_id) references users (id)
2025-03-06 14:34:04 [main] DEBUG org.hibernate.SQL - alter table wishlist add constraint FK6p7qhvy1bfkri13u29x6pu8au foreign key (product_id) references products (id)
2025-03-06 14:34:04 [main] DEBUG org.hibernate.SQL - alter table wishlist add constraint FKtrd6335blsefl2gxpb8lr0gr7 foreign key (user_id) references users (id)
2025-03-06 14:34:04 [main] INFO  o.s.o.j.LocalContainerEntityManagerFactoryBean - Initialized JPA EntityManagerFactory for persistence unit 'default'
2025-03-06 14:34:04 [main] WARN  o.s.b.a.o.j.JpaBaseConfiguration$JpaWebConfiguration - spring.jpa.open-in-view is enabled by default. Therefore, database queries may be performed during view rendering. Explicitly configure spring.jpa.open-in-view to disable this warning
2025-03-06 14:34:04 [main] INFO  o.s.v.b.OptionalValidatorFactoryBean - Failed to set up a Bean Validation provider: jakarta.validation.NoProviderFoundException: Unable to create a Configuration, because no Jakarta Bean Validation provider could be found. Add a provider like Hibernate Validator (RI) to your classpath.
2025-03-06 14:34:05 [main] INFO  o.s.b.a.e.web.EndpointLinksResolver - Exposing 1 endpoint beneath base path '/actuator'
2025-03-06 14:34:05 [main] INFO  o.a.coyote.http11.Http11NioProtocol - Starting ProtocolHandler ["http-nio-8080"]
2025-03-06 14:34:05 [main] INFO  o.s.b.w.e.tomcat.TomcatWebServer - Tomcat started on port 8080 (http) with context path '/'
2025-03-06 14:34:05 [main] INFO  com.E_Commer.ECommerApplication - Started ECommerApplication in 7.786 seconds (process running for 8.566)
2025-03-06 14:34:07 [RMI TCP Connection(2)-127.0.0.1] INFO  o.a.c.c.C.[Tomcat].[localhost].[/] - Initializing Spring DispatcherServlet 'dispatcherServlet'
2025-03-06 14:34:07 [RMI TCP Connection(2)-127.0.0.1] INFO  o.s.web.servlet.DispatcherServlet - Initializing Servlet 'dispatcherServlet'
2025-03-06 14:34:07 [RMI TCP Connection(2)-127.0.0.1] INFO  o.s.web.servlet.DispatcherServlet - Completed initialization in 1 ms
2025-03-06 14:34:59 [http-nio-8080-exec-1] DEBUG org.hibernate.SQL - select u1_0.id,u1_0.avatar_url,u1_0.created_at,u1_0.email,u1_0.full_name,u1_0.password,u1_0.phone_number,u1_0.role,u1_0.username from users u1_0
2025-03-06 14:35:01 [http-nio-8080-exec-3] ERROR c.E.exception.GlobalExceptionHandler - Lỗi hệ thống: 
org.springframework.dao.DataIntegrityViolationException: not-null property references a null or transient value: com.E_Commer.entity.User.fullName
	at org.springframework.orm.jpa.vendor.HibernateJpaDialect.convertHibernateAccessException(HibernateJpaDialect.java:307)
	at org.springframework.orm.jpa.vendor.HibernateJpaDialect.translateExceptionIfPossible(HibernateJpaDialect.java:241)
	at org.springframework.orm.jpa.AbstractEntityManagerFactoryBean.translateExceptionIfPossible(AbstractEntityManagerFactoryBean.java:560)
	at org.springframework.dao.support.ChainedPersistenceExceptionTranslator.translateExceptionIfPossible(ChainedPersistenceExceptionTranslator.java:61)
	at org.springframework.dao.support.DataAccessUtils.translateIfNecessary(DataAccessUtils.java:343)
	at org.springframework.dao.support.PersistenceExceptionTranslationInterceptor.invoke(PersistenceExceptionTranslationInterceptor.java:160)
	at org.springframework.aop.framework.ReflectiveMethodInvocation.proceed(ReflectiveMethodInvocation.java:184)
	at org.springframework.data.jpa.repository.support.CrudMethodMetadataPostProcessor$CrudMethodMetadataPopulatingMethodInterceptor.invoke(CrudMethodMetadataPostProcessor.java:165)
	at org.springframework.aop.framework.ReflectiveMethodInvocation.proceed(ReflectiveMethodInvocation.java:184)
	at org.springframework.aop.framework.JdkDynamicAopProxy.invoke(JdkDynamicAopProxy.java:223)
	at jdk.proxy2/jdk.proxy2.$Proxy159.save(Unknown Source)
	at com.E_Commer.service.UserService.saveUser(UserService.java:58)
	at com.E_Commer.controller.UserController.createUser(UserController.java:64)
	at java.base/jdk.internal.reflect.DirectMethodHandleAccessor.invoke(DirectMethodHandleAccessor.java:103)
	at java.base/java.lang.reflect.Method.invoke(Method.java:580)
	at org.springframework.web.method.support.InvocableHandlerMethod.doInvoke(InvocableHandlerMethod.java:257)
	at org.springframework.web.method.support.InvocableHandlerMethod.invokeForRequest(InvocableHandlerMethod.java:190)
	at org.springframework.web.servlet.mvc.method.annotation.ServletInvocableHandlerMethod.invokeAndHandle(ServletInvocableHandlerMethod.java:118)
	at org.springframework.web.servlet.mvc.method.annotation.RequestMappingHandlerAdapter.invokeHandlerMethod(RequestMappingHandlerAdapter.java:986)
	at org.springframework.web.servlet.mvc.method.annotation.RequestMappingHandlerAdapter.handleInternal(RequestMappingHandlerAdapter.java:891)
	at org.springframework.web.servlet.mvc.method.AbstractHandlerMethodAdapter.handle(AbstractHandlerMethodAdapter.java:87)
	at org.springframework.web.servlet.DispatcherServlet.doDispatch(DispatcherServlet.java:1088)
	at org.springframework.web.servlet.DispatcherServlet.doService(DispatcherServlet.java:978)
	at org.springframework.web.servlet.FrameworkServlet.processRequest(FrameworkServlet.java:1014)
	at org.springframework.web.servlet.FrameworkServlet.doPost(FrameworkServlet.java:914)
	at jakarta.servlet.http.HttpServlet.service(HttpServlet.java:590)
	at org.springframework.web.servlet.FrameworkServlet.service(FrameworkServlet.java:885)
	at jakarta.servlet.http.HttpServlet.service(HttpServlet.java:658)
	at org.apache.catalina.core.ApplicationFilterChain.internalDoFilter(ApplicationFilterChain.java:195)
	at org.apache.catalina.core.ApplicationFilterChain.doFilter(ApplicationFilterChain.java:140)
	at org.apache.tomcat.websocket.server.WsFilter.doFilter(WsFilter.java:51)
	at org.apache.catalina.core.ApplicationFilterChain.internalDoFilter(ApplicationFilterChain.java:164)
	at org.apache.catalina.core.ApplicationFilterChain.doFilter(ApplicationFilterChain.java:140)
	at org.springframework.web.filter.RequestContextFilter.doFilterInternal(RequestContextFilter.java:100)
	at org.springframework.web.filter.OncePerRequestFilter.doFilter(OncePerRequestFilter.java:116)
	at org.apache.catalina.core.ApplicationFilterChain.internalDoFilter(ApplicationFilterChain.java:164)
	at org.apache.catalina.core.ApplicationFilterChain.doFilter(ApplicationFilterChain.java:140)
	at org.springframework.web.filter.FormContentFilter.doFilterInternal(FormContentFilter.java:93)
	at org.springframework.web.filter.OncePerRequestFilter.doFilter(OncePerRequestFilter.java:116)
	at org.apache.catalina.core.ApplicationFilterChain.internalDoFilter(ApplicationFilterChain.java:164)
	at org.apache.catalina.core.ApplicationFilterChain.doFilter(ApplicationFilterChain.java:140)
	at org.springframework.web.filter.ServerHttpObservationFilter.doFilterInternal(ServerHttpObservationFilter.java:114)
	at org.springframework.web.filter.OncePerRequestFilter.doFilter(OncePerRequestFilter.java:116)
	at org.apache.catalina.core.ApplicationFilterChain.internalDoFilter(ApplicationFilterChain.java:164)
	at org.apache.catalina.core.ApplicationFilterChain.doFilter(ApplicationFilterChain.java:140)
	at org.springframework.web.filter.CharacterEncodingFilter.doFilterInternal(CharacterEncodingFilter.java:201)
	at org.springframework.web.filter.OncePerRequestFilter.doFilter(OncePerRequestFilter.java:116)
	at org.apache.catalina.core.ApplicationFilterChain.internalDoFilter(ApplicationFilterChain.java:164)
	at org.apache.catalina.core.ApplicationFilterChain.doFilter(ApplicationFilterChain.java:140)
	at org.apache.catalina.core.StandardWrapperValve.invoke(StandardWrapperValve.java:167)
	at org.apache.catalina.core.StandardContextValve.invoke(StandardContextValve.java:90)
	at org.apache.catalina.authenticator.AuthenticatorBase.invoke(AuthenticatorBase.java:483)
	at org.apache.catalina.core.StandardHostValve.invoke(StandardHostValve.java:115)
	at org.apache.catalina.valves.ErrorReportValve.invoke(ErrorReportValve.java:93)
	at org.apache.catalina.core.StandardEngineValve.invoke(StandardEngineValve.java:74)
	at org.apache.catalina.connector.CoyoteAdapter.service(CoyoteAdapter.java:344)
	at org.apache.coyote.http11.Http11Processor.service(Http11Processor.java:397)
	at org.apache.coyote.AbstractProcessorLight.process(AbstractProcessorLight.java:63)
	at org.apache.coyote.AbstractProtocol$ConnectionHandler.process(AbstractProtocol.java:905)
	at org.apache.tomcat.util.net.NioEndpoint$SocketProcessor.doRun(NioEndpoint.java:1743)
	at org.apache.tomcat.util.net.SocketProcessorBase.run(SocketProcessorBase.java:52)
	at org.apache.tomcat.util.threads.ThreadPoolExecutor.runWorker(ThreadPoolExecutor.java:1190)
	at org.apache.tomcat.util.threads.ThreadPoolExecutor$Worker.run(ThreadPoolExecutor.java:659)
	at org.apache.tomcat.util.threads.TaskThread$WrappingRunnable.run(TaskThread.java:63)
	at java.base/java.lang.Thread.run(Thread.java:1570)
Caused by: org.hibernate.PropertyValueException: not-null property references a null or transient value: com.E_Commer.entity.User.fullName
	at org.hibernate.engine.internal.Nullability.checkNullability(Nullability.java:112)
	at org.hibernate.engine.internal.Nullability.checkNullability(Nullability.java:57)
	at org.hibernate.action.internal.AbstractEntityInsertAction.nullifyTransientReferencesIfNotAlready(AbstractEntityInsertAction.java:126)
	at org.hibernate.action.internal.EntityIdentityInsertAction.execute(EntityIdentityInsertAction.java:73)
	at org.hibernate.engine.spi.ActionQueue.execute(ActionQueue.java:682)
	at org.hibernate.engine.spi.ActionQueue.addResolvedEntityInsertAction(ActionQueue.java:293)
	at org.hibernate.engine.spi.ActionQueue.addInsertAction(ActionQueue.java:274)
	at org.hibernate.engine.spi.ActionQueue.addAction(ActionQueue.java:324)
	at org.hibernate.event.internal.AbstractSaveEventListener.addInsertAction(AbstractSaveEventListener.java:393)
	at org.hibernate.event.internal.AbstractSaveEventListener.performSaveOrReplicate(AbstractSaveEventListener.java:307)
	at org.hibernate.event.internal.AbstractSaveEventListener.performSave(AbstractSaveEventListener.java:223)
	at org.hibernate.event.internal.AbstractSaveEventListener.saveWithGeneratedId(AbstractSaveEventListener.java:136)
	at org.hibernate.event.internal.DefaultPersistEventListener.entityIsTransient(DefaultPersistEventListener.java:177)
	at org.hibernate.event.internal.DefaultPersistEventListener.persist(DefaultPersistEventListener.java:95)
	at org.hibernate.event.internal.DefaultPersistEventListener.onPersist(DefaultPersistEventListener.java:79)
	at org.hibernate.event.internal.DefaultPersistEventListener.onPersist(DefaultPersistEventListener.java:55)
	at org.hibernate.event.service.internal.EventListenerGroupImpl.fireEventOnEachListener(EventListenerGroupImpl.java:127)
	at org.hibernate.internal.SessionImpl.firePersist(SessionImpl.java:761)
	at org.hibernate.internal.SessionImpl.persist(SessionImpl.java:745)
	at java.base/jdk.internal.reflect.DirectMethodHandleAccessor.invoke(DirectMethodHandleAccessor.java:103)
	at java.base/java.lang.reflect.Method.invoke(Method.java:580)
	at org.springframework.orm.jpa.ExtendedEntityManagerCreator$ExtendedEntityManagerInvocationHandler.invoke(ExtendedEntityManagerCreator.java:364)
	at jdk.proxy2/jdk.proxy2.$Proxy155.persist(Unknown Source)
	at java.base/jdk.internal.reflect.DirectMethodHandleAccessor.invoke(DirectMethodHandleAccessor.java:103)
	at java.base/java.lang.reflect.Method.invoke(Method.java:580)
	at org.springframework.orm.jpa.SharedEntityManagerCreator$SharedEntityManagerInvocationHandler.invoke(SharedEntityManagerCreator.java:320)
	at jdk.proxy2/jdk.proxy2.$Proxy155.persist(Unknown Source)
	at org.springframework.data.jpa.repository.support.SimpleJpaRepository.save(SimpleJpaRepository.java:651)
	at java.base/jdk.internal.reflect.DirectMethodHandleAccessor.invoke(DirectMethodHandleAccessor.java:103)
	at java.base/java.lang.reflect.Method.invoke(Method.java:580)
	at org.springframework.aop.support.AopUtils.invokeJoinpointUsingReflection(AopUtils.java:359)
	at org.springframework.data.repository.core.support.RepositoryMethodInvoker$RepositoryFragmentMethodInvoker.lambda$new$0(RepositoryMethodInvoker.java:277)
	at org.springframework.data.repository.core.support.RepositoryMethodInvoker.doInvoke(RepositoryMethodInvoker.java:170)
	at org.springframework.data.repository.core.support.RepositoryMethodInvoker.invoke(RepositoryMethodInvoker.java:158)
	at org.springframework.data.repository.core.support.RepositoryComposition$RepositoryFragments.invoke(RepositoryComposition.java:515)
	at org.springframework.data.repository.core.support.RepositoryComposition.invoke(RepositoryComposition.java:284)
	at org.springframework.data.repository.core.support.RepositoryFactorySupport$ImplementationMethodExecutionInterceptor.invoke(RepositoryFactorySupport.java:754)
	at org.springframework.aop.framework.ReflectiveMethodInvocation.proceed(ReflectiveMethodInvocation.java:184)
	at org.springframework.data.repository.core.support.QueryExecutorMethodInterceptor.doInvoke(QueryExecutorMethodInterceptor.java:174)
	at org.springframework.data.repository.core.support.QueryExecutorMethodInterceptor.invoke(QueryExecutorMethodInterceptor.java:149)
	at org.springframework.aop.framework.ReflectiveMethodInvocation.proceed(ReflectiveMethodInvocation.java:184)
	at org.springframework.data.projection.DefaultMethodInvokingMethodInterceptor.invoke(DefaultMethodInvokingMethodInterceptor.java:69)
	at org.springframework.aop.framework.ReflectiveMethodInvocation.proceed(ReflectiveMethodInvocation.java:184)
	at org.springframework.transaction.interceptor.TransactionAspectSupport.invokeWithinTransaction(TransactionAspectSupport.java:380)
	at org.springframework.transaction.interceptor.TransactionInterceptor.invoke(TransactionInterceptor.java:119)
	at org.springframework.aop.framework.ReflectiveMethodInvocation.proceed(ReflectiveMethodInvocation.java:184)
	at org.springframework.dao.support.PersistenceExceptionTranslationInterceptor.invoke(PersistenceExceptionTranslationInterceptor.java:138)
	... 59 common frames omitted
2025-03-06 14:35:24 [http-nio-8080-exec-5] ERROR c.E.exception.GlobalExceptionHandler - Lỗi hệ thống: 
org.springframework.dao.DataIntegrityViolationException: not-null property references a null or transient value: com.E_Commer.entity.User.fullName
	at org.springframework.orm.jpa.vendor.HibernateJpaDialect.convertHibernateAccessException(HibernateJpaDialect.java:307)
	at org.springframework.orm.jpa.vendor.HibernateJpaDialect.translateExceptionIfPossible(HibernateJpaDialect.java:241)
	at org.springframework.orm.jpa.AbstractEntityManagerFactoryBean.translateExceptionIfPossible(AbstractEntityManagerFactoryBean.java:560)
	at org.springframework.dao.support.ChainedPersistenceExceptionTranslator.translateExceptionIfPossible(ChainedPersistenceExceptionTranslator.java:61)
	at org.springframework.dao.support.DataAccessUtils.translateIfNecessary(DataAccessUtils.java:343)
	at org.springframework.dao.support.PersistenceExceptionTranslationInterceptor.invoke(PersistenceExceptionTranslationInterceptor.java:160)
	at org.springframework.aop.framework.ReflectiveMethodInvocation.proceed(ReflectiveMethodInvocation.java:184)
	at org.springframework.data.jpa.repository.support.CrudMethodMetadataPostProcessor$CrudMethodMetadataPopulatingMethodInterceptor.invoke(CrudMethodMetadataPostProcessor.java:165)
	at org.springframework.aop.framework.ReflectiveMethodInvocation.proceed(ReflectiveMethodInvocation.java:184)
	at org.springframework.aop.framework.JdkDynamicAopProxy.invoke(JdkDynamicAopProxy.java:223)
	at jdk.proxy2/jdk.proxy2.$Proxy159.save(Unknown Source)
	at com.E_Commer.service.UserService.saveUser(UserService.java:58)
	at com.E_Commer.controller.UserController.createUser(UserController.java:64)
	at java.base/jdk.internal.reflect.DirectMethodHandleAccessor.invoke(DirectMethodHandleAccessor.java:103)
	at java.base/java.lang.reflect.Method.invoke(Method.java:580)
	at org.springframework.web.method.support.InvocableHandlerMethod.doInvoke(InvocableHandlerMethod.java:257)
	at org.springframework.web.method.support.InvocableHandlerMethod.invokeForRequest(InvocableHandlerMethod.java:190)
	at org.springframework.web.servlet.mvc.method.annotation.ServletInvocableHandlerMethod.invokeAndHandle(ServletInvocableHandlerMethod.java:118)
	at org.springframework.web.servlet.mvc.method.annotation.RequestMappingHandlerAdapter.invokeHandlerMethod(RequestMappingHandlerAdapter.java:986)
	at org.springframework.web.servlet.mvc.method.annotation.RequestMappingHandlerAdapter.handleInternal(RequestMappingHandlerAdapter.java:891)
	at org.springframework.web.servlet.mvc.method.AbstractHandlerMethodAdapter.handle(AbstractHandlerMethodAdapter.java:87)
	at org.springframework.web.servlet.DispatcherServlet.doDispatch(DispatcherServlet.java:1088)
	at org.springframework.web.servlet.DispatcherServlet.doService(DispatcherServlet.java:978)
	at org.springframework.web.servlet.FrameworkServlet.processRequest(FrameworkServlet.java:1014)
	at org.springframework.web.servlet.FrameworkServlet.doPost(FrameworkServlet.java:914)
	at jakarta.servlet.http.HttpServlet.service(HttpServlet.java:590)
	at org.springframework.web.servlet.FrameworkServlet.service(FrameworkServlet.java:885)
	at jakarta.servlet.http.HttpServlet.service(HttpServlet.java:658)
	at org.apache.catalina.core.ApplicationFilterChain.internalDoFilter(ApplicationFilterChain.java:195)
	at org.apache.catalina.core.ApplicationFilterChain.doFilter(ApplicationFilterChain.java:140)
	at org.apache.tomcat.websocket.server.WsFilter.doFilter(WsFilter.java:51)
	at org.apache.catalina.core.ApplicationFilterChain.internalDoFilter(ApplicationFilterChain.java:164)
	at org.apache.catalina.core.ApplicationFilterChain.doFilter(ApplicationFilterChain.java:140)
	at org.springframework.web.filter.RequestContextFilter.doFilterInternal(RequestContextFilter.java:100)
	at org.springframework.web.filter.OncePerRequestFilter.doFilter(OncePerRequestFilter.java:116)
	at org.apache.catalina.core.ApplicationFilterChain.internalDoFilter(ApplicationFilterChain.java:164)
	at org.apache.catalina.core.ApplicationFilterChain.doFilter(ApplicationFilterChain.java:140)
	at org.springframework.web.filter.FormContentFilter.doFilterInternal(FormContentFilter.java:93)
	at org.springframework.web.filter.OncePerRequestFilter.doFilter(OncePerRequestFilter.java:116)
	at org.apache.catalina.core.ApplicationFilterChain.internalDoFilter(ApplicationFilterChain.java:164)
	at org.apache.catalina.core.ApplicationFilterChain.doFilter(ApplicationFilterChain.java:140)
	at org.springframework.web.filter.ServerHttpObservationFilter.doFilterInternal(ServerHttpObservationFilter.java:114)
	at org.springframework.web.filter.OncePerRequestFilter.doFilter(OncePerRequestFilter.java:116)
	at org.apache.catalina.core.ApplicationFilterChain.internalDoFilter(ApplicationFilterChain.java:164)
	at org.apache.catalina.core.ApplicationFilterChain.doFilter(ApplicationFilterChain.java:140)
	at org.springframework.web.filter.CharacterEncodingFilter.doFilterInternal(CharacterEncodingFilter.java:201)
	at org.springframework.web.filter.OncePerRequestFilter.doFilter(OncePerRequestFilter.java:116)
	at org.apache.catalina.core.ApplicationFilterChain.internalDoFilter(ApplicationFilterChain.java:164)
	at org.apache.catalina.core.ApplicationFilterChain.doFilter(ApplicationFilterChain.java:140)
	at org.apache.catalina.core.StandardWrapperValve.invoke(StandardWrapperValve.java:167)
	at org.apache.catalina.core.StandardContextValve.invoke(StandardContextValve.java:90)
	at org.apache.catalina.authenticator.AuthenticatorBase.invoke(AuthenticatorBase.java:483)
	at org.apache.catalina.core.StandardHostValve.invoke(StandardHostValve.java:115)
	at org.apache.catalina.valves.ErrorReportValve.invoke(ErrorReportValve.java:93)
	at org.apache.catalina.core.StandardEngineValve.invoke(StandardEngineValve.java:74)
	at org.apache.catalina.connector.CoyoteAdapter.service(CoyoteAdapter.java:344)
	at org.apache.coyote.http11.Http11Processor.service(Http11Processor.java:397)
	at org.apache.coyote.AbstractProcessorLight.process(AbstractProcessorLight.java:63)
	at org.apache.coyote.AbstractProtocol$ConnectionHandler.process(AbstractProtocol.java:905)
	at org.apache.tomcat.util.net.NioEndpoint$SocketProcessor.doRun(NioEndpoint.java:1743)
	at org.apache.tomcat.util.net.SocketProcessorBase.run(SocketProcessorBase.java:52)
	at org.apache.tomcat.util.threads.ThreadPoolExecutor.runWorker(ThreadPoolExecutor.java:1190)
	at org.apache.tomcat.util.threads.ThreadPoolExecutor$Worker.run(ThreadPoolExecutor.java:659)
	at org.apache.tomcat.util.threads.TaskThread$WrappingRunnable.run(TaskThread.java:63)
	at java.base/java.lang.Thread.run(Thread.java:1570)
Caused by: org.hibernate.PropertyValueException: not-null property references a null or transient value: com.E_Commer.entity.User.fullName
	at org.hibernate.engine.internal.Nullability.checkNullability(Nullability.java:112)
	at org.hibernate.engine.internal.Nullability.checkNullability(Nullability.java:57)
	at org.hibernate.action.internal.AbstractEntityInsertAction.nullifyTransientReferencesIfNotAlready(AbstractEntityInsertAction.java:126)
	at org.hibernate.action.internal.EntityIdentityInsertAction.execute(EntityIdentityInsertAction.java:73)
	at org.hibernate.engine.spi.ActionQueue.execute(ActionQueue.java:682)
	at org.hibernate.engine.spi.ActionQueue.addResolvedEntityInsertAction(ActionQueue.java:293)
	at org.hibernate.engine.spi.ActionQueue.addInsertAction(ActionQueue.java:274)
	at org.hibernate.engine.spi.ActionQueue.addAction(ActionQueue.java:324)
	at org.hibernate.event.internal.AbstractSaveEventListener.addInsertAction(AbstractSaveEventListener.java:393)
	at org.hibernate.event.internal.AbstractSaveEventListener.performSaveOrReplicate(AbstractSaveEventListener.java:307)
	at org.hibernate.event.internal.AbstractSaveEventListener.performSave(AbstractSaveEventListener.java:223)
	at org.hibernate.event.internal.AbstractSaveEventListener.saveWithGeneratedId(AbstractSaveEventListener.java:136)
	at org.hibernate.event.internal.DefaultPersistEventListener.entityIsTransient(DefaultPersistEventListener.java:177)
	at org.hibernate.event.internal.DefaultPersistEventListener.persist(DefaultPersistEventListener.java:95)
	at org.hibernate.event.internal.DefaultPersistEventListener.onPersist(DefaultPersistEventListener.java:79)
	at org.hibernate.event.internal.DefaultPersistEventListener.onPersist(DefaultPersistEventListener.java:55)
	at org.hibernate.event.service.internal.EventListenerGroupImpl.fireEventOnEachListener(EventListenerGroupImpl.java:127)
	at org.hibernate.internal.SessionImpl.firePersist(SessionImpl.java:761)
	at org.hibernate.internal.SessionImpl.persist(SessionImpl.java:745)
	at java.base/jdk.internal.reflect.DirectMethodHandleAccessor.invoke(DirectMethodHandleAccessor.java:103)
	at java.base/java.lang.reflect.Method.invoke(Method.java:580)
	at org.springframework.orm.jpa.ExtendedEntityManagerCreator$ExtendedEntityManagerInvocationHandler.invoke(ExtendedEntityManagerCreator.java:364)
	at jdk.proxy2/jdk.proxy2.$Proxy155.persist(Unknown Source)
	at java.base/jdk.internal.reflect.DirectMethodHandleAccessor.invoke(DirectMethodHandleAccessor.java:103)
	at java.base/java.lang.reflect.Method.invoke(Method.java:580)
	at org.springframework.orm.jpa.SharedEntityManagerCreator$SharedEntityManagerInvocationHandler.invoke(SharedEntityManagerCreator.java:320)
	at jdk.proxy2/jdk.proxy2.$Proxy155.persist(Unknown Source)
	at org.springframework.data.jpa.repository.support.SimpleJpaRepository.save(SimpleJpaRepository.java:651)
	at java.base/jdk.internal.reflect.DirectMethodHandleAccessor.invoke(DirectMethodHandleAccessor.java:103)
	at java.base/java.lang.reflect.Method.invoke(Method.java:580)
	at org.springframework.aop.support.AopUtils.invokeJoinpointUsingReflection(AopUtils.java:359)
	at org.springframework.data.repository.core.support.RepositoryMethodInvoker$RepositoryFragmentMethodInvoker.lambda$new$0(RepositoryMethodInvoker.java:277)
	at org.springframework.data.repository.core.support.RepositoryMethodInvoker.doInvoke(RepositoryMethodInvoker.java:170)
	at org.springframework.data.repository.core.support.RepositoryMethodInvoker.invoke(RepositoryMethodInvoker.java:158)
	at org.springframework.data.repository.core.support.RepositoryComposition$RepositoryFragments.invoke(RepositoryComposition.java:515)
	at org.springframework.data.repository.core.support.RepositoryComposition.invoke(RepositoryComposition.java:284)
	at org.springframework.data.repository.core.support.RepositoryFactorySupport$ImplementationMethodExecutionInterceptor.invoke(RepositoryFactorySupport.java:754)
	at org.springframework.aop.framework.ReflectiveMethodInvocation.proceed(ReflectiveMethodInvocation.java:184)
	at org.springframework.data.repository.core.support.QueryExecutorMethodInterceptor.doInvoke(QueryExecutorMethodInterceptor.java:174)
	at org.springframework.data.repository.core.support.QueryExecutorMethodInterceptor.invoke(QueryExecutorMethodInterceptor.java:149)
	at org.springframework.aop.framework.ReflectiveMethodInvocation.proceed(ReflectiveMethodInvocation.java:184)
	at org.springframework.data.projection.DefaultMethodInvokingMethodInterceptor.invoke(DefaultMethodInvokingMethodInterceptor.java:69)
	at org.springframework.aop.framework.ReflectiveMethodInvocation.proceed(ReflectiveMethodInvocation.java:184)
	at org.springframework.transaction.interceptor.TransactionAspectSupport.invokeWithinTransaction(TransactionAspectSupport.java:380)
	at org.springframework.transaction.interceptor.TransactionInterceptor.invoke(TransactionInterceptor.java:119)
	at org.springframework.aop.framework.ReflectiveMethodInvocation.proceed(ReflectiveMethodInvocation.java:184)
	at org.springframework.dao.support.PersistenceExceptionTranslationInterceptor.invoke(PersistenceExceptionTranslationInterceptor.java:138)
	... 59 common frames omitted
2025-03-06 14:35:42 [http-nio-8080-exec-7] DEBUG org.hibernate.SQL - insert into users (avatar_url,created_at,email,full_name,password,phone_number,role,username) values (?,?,?,?,?,?,?,?)
2025-03-06 14:36:47 [http-nio-8080-exec-9] DEBUG org.hibernate.SQL - insert into users (avatar_url,created_at,email,full_name,password,phone_number,role,username) values (?,?,?,?,?,?,?,?)
2025-03-06 14:36:51 [http-nio-8080-exec-4] DEBUG org.hibernate.SQL - select u1_0.id,u1_0.avatar_url,u1_0.created_at,u1_0.email,u1_0.full_name,u1_0.password,u1_0.phone_number,u1_0.role,u1_0.username from users u1_0
2025-03-06 14:37:43 [http-nio-8080-exec-1] DEBUG org.hibernate.SQL - insert into users (avatar_url,created_at,email,full_name,password,phone_number,role,username) values (?,?,?,?,?,?,?,?)
2025-03-06 14:39:17 [http-nio-8080-exec-5] DEBUG org.hibernate.SQL - insert into users (avatar_url,created_at,email,full_name,password,phone_number,role,username) values (?,?,?,?,?,?,?,?)
2025-03-06 14:39:45 [http-nio-8080-exec-6] DEBUG org.hibernate.SQL - insert into users (avatar_url,created_at,email,full_name,password,phone_number,role,username) values (?,?,?,?,?,?,?,?)
2025-03-06 14:39:47 [http-nio-8080-exec-7] DEBUG org.hibernate.SQL - select u1_0.id,u1_0.avatar_url,u1_0.created_at,u1_0.email,u1_0.full_name,u1_0.password,u1_0.phone_number,u1_0.role,u1_0.username from users u1_0
